Component: ARM Compiler 5.05 update 1 (build 106) Tool: armlink [4d0efa]

==============================================================================

Section Cross References

    startup_stm32f10x_md.o(STACK) refers (Special) to heapauxi.o(.text) for __use_two_region_memory
    startup_stm32f10x_md.o(HEAP) refers (Special) to heapauxi.o(.text) for __use_two_region_memory
    startup_stm32f10x_md.o(RESET) refers (Special) to heapauxi.o(.text) for __use_two_region_memory
    startup_stm32f10x_md.o(RESET) refers to startup_stm32f10x_md.o(STACK) for __initial_sp
    startup_stm32f10x_md.o(RESET) refers to startup_stm32f10x_md.o(.text) for Reset_Handler
    startup_stm32f10x_md.o(RESET) refers to stm32f10x_it.o(i.NMI_Handler) for NMI_Handler
    startup_stm32f10x_md.o(RESET) refers to stm32f10x_it.o(i.HardFault_Handler) for HardFault_Handler
    startup_stm32f10x_md.o(RESET) refers to stm32f10x_it.o(i.MemManage_Handler) for MemManage_Handler
    startup_stm32f10x_md.o(RESET) refers to stm32f10x_it.o(i.BusFault_Handler) for BusFault_Handler
    startup_stm32f10x_md.o(RESET) refers to stm32f10x_it.o(i.UsageFault_Handler) for UsageFault_Handler
    startup_stm32f10x_md.o(RESET) refers to stm32f10x_it.o(i.SVC_Handler) for SVC_Handler
    startup_stm32f10x_md.o(RESET) refers to stm32f10x_it.o(i.DebugMon_Handler) for DebugMon_Handler
    startup_stm32f10x_md.o(RESET) refers to stm32f10x_it.o(i.PendSV_Handler) for PendSV_Handler
    startup_stm32f10x_md.o(RESET) refers to stm32f10x_it.o(i.SysTick_Handler) for SysTick_Handler
    startup_stm32f10x_md.o(RESET) refers to main.o(i.TIM3_IRQHandler) for TIM3_IRQHandler
    startup_stm32f10x_md.o(RESET) refers to usart1.o(i.USART1_IRQHandler) for USART1_IRQHandler
    startup_stm32f10x_md.o(RESET) refers to usart3.o(i.USART3_IRQHandler) for USART3_IRQHandler
    startup_stm32f10x_md.o(.text) refers (Special) to heapauxi.o(.text) for __use_two_region_memory
    startup_stm32f10x_md.o(.text) refers to system_stm32f10x.o(i.SystemInit) for SystemInit
    startup_stm32f10x_md.o(.text) refers to __main.o(!!!main) for __main
    startup_stm32f10x_md.o(.text) refers to startup_stm32f10x_md.o(HEAP) for Heap_Mem
    startup_stm32f10x_md.o(.text) refers to startup_stm32f10x_md.o(STACK) for Stack_Mem
    misc.o(i.SysTick_CLKSourceConfig) refers to system_stm32f10x.o(.data) for SysTick_Info
    stm32f10x_adc.o(i.ADC_DeInit) refers to stm32f10x_rcc.o(i.RCC_APB2PeriphResetCmd) for RCC_APB2PeriphResetCmd
    stm32f10x_gpio.o(i.GPIO_AFIODeInit) refers to stm32f10x_rcc.o(i.RCC_APB2PeriphResetCmd) for RCC_APB2PeriphResetCmd
    stm32f10x_gpio.o(i.GPIO_DeInit) refers to stm32f10x_rcc.o(i.RCC_APB2PeriphResetCmd) for RCC_APB2PeriphResetCmd
    stm32f10x_rcc.o(i.RCC_GetClocksFreq) refers to stm32f10x_rcc.o(.data) for APBAHBPrescTable
    stm32f10x_rcc.o(i.RCC_WaitForHSEStartUp) refers to stm32f10x_rcc.o(i.RCC_GetFlagStatus) for RCC_GetFlagStatus
    stm32f10x_rtc.o(i.RTC_SetAlarm) refers to stm32f10x_rtc.o(i.RTC_EnterConfigMode) for RTC_EnterConfigMode
    stm32f10x_rtc.o(i.RTC_SetAlarm) refers to stm32f10x_rtc.o(i.RTC_ExitConfigMode) for RTC_ExitConfigMode
    stm32f10x_rtc.o(i.RTC_SetCounter) refers to stm32f10x_rtc.o(i.RTC_EnterConfigMode) for RTC_EnterConfigMode
    stm32f10x_rtc.o(i.RTC_SetCounter) refers to stm32f10x_rtc.o(i.RTC_ExitConfigMode) for RTC_ExitConfigMode
    stm32f10x_rtc.o(i.RTC_SetPrescaler) refers to stm32f10x_rtc.o(i.RTC_EnterConfigMode) for RTC_EnterConfigMode
    stm32f10x_rtc.o(i.RTC_SetPrescaler) refers to stm32f10x_rtc.o(i.RTC_ExitConfigMode) for RTC_ExitConfigMode
    stm32f10x_tim.o(i.TIM_DeInit) refers to stm32f10x_rcc.o(i.RCC_APB2PeriphResetCmd) for RCC_APB2PeriphResetCmd
    stm32f10x_tim.o(i.TIM_DeInit) refers to stm32f10x_rcc.o(i.RCC_APB1PeriphResetCmd) for RCC_APB1PeriphResetCmd
    stm32f10x_tim.o(i.TIM_ETRClockMode1Config) refers to stm32f10x_tim.o(i.TIM_ETRConfig) for TIM_ETRConfig
    stm32f10x_tim.o(i.TIM_ETRClockMode2Config) refers to stm32f10x_tim.o(i.TIM_ETRConfig) for TIM_ETRConfig
    stm32f10x_tim.o(i.TIM_ICInit) refers to stm32f10x_tim.o(i.TI1_Config) for TI1_Config
    stm32f10x_tim.o(i.TIM_ICInit) refers to stm32f10x_tim.o(i.TIM_SetIC1Prescaler) for TIM_SetIC1Prescaler
    stm32f10x_tim.o(i.TIM_ICInit) refers to stm32f10x_tim.o(i.TI2_Config) for TI2_Config
    stm32f10x_tim.o(i.TIM_ICInit) refers to stm32f10x_tim.o(i.TIM_SetIC2Prescaler) for TIM_SetIC2Prescaler
    stm32f10x_tim.o(i.TIM_ICInit) refers to stm32f10x_tim.o(i.TI3_Config) for TI3_Config
    stm32f10x_tim.o(i.TIM_ICInit) refers to stm32f10x_tim.o(i.TIM_SetIC3Prescaler) for TIM_SetIC3Prescaler
    stm32f10x_tim.o(i.TIM_ICInit) refers to stm32f10x_tim.o(i.TI4_Config) for TI4_Config
    stm32f10x_tim.o(i.TIM_ICInit) refers to stm32f10x_tim.o(i.TIM_SetIC4Prescaler) for TIM_SetIC4Prescaler
    stm32f10x_tim.o(i.TIM_ITRxExternalClockConfig) refers to stm32f10x_tim.o(i.TIM_SelectInputTrigger) for TIM_SelectInputTrigger
[...]
    __scatterload_zeroinit                   0x08000185   Thumb Code    28  __scatter_zi.o(!!handler_zi)
    _printf_f                                0x080001a1   Thumb Code     0  _printf_f.o(.ARM.Collect$$_printf_percent$$00000003)
    _printf_percent                          0x080001a1   Thumb Code     0  _printf_percent.o(.ARM.Collect$$_printf_percent$$00000000)
    _printf_d                                0x080001a7   Thumb Code     0  _printf_d.o(.ARM.Collect$$_printf_percent$$00000009)
    _printf_percent_end                      0x080001ad   Thumb Code     0  _printf_percent_end.o(.ARM.Collect$$_printf_percent$$00000017)
    __rt_lib_init                            0x080001b1   Thumb Code     0  libinit.o(.ARM.Collect$$libinit$$00000000)
    __rt_lib_init_fp_1                       0x080001b3   Thumb Code     0  libinit2.o(.ARM.Collect$$libinit$$00000002)
    __rt_lib_init_heap_1                     0x080001b3   Thumb Code     0  libinit2.o(.ARM.Collect$$libinit$$0000000A)
    __rt_lib_init_lc_common                  0x080001b3   Thumb Code     0  libinit2.o(.ARM.Collect$$libinit$$0000000F)
    __rt_lib_init_preinit_1                  0x080001b3   Thumb Code     0  libinit2.o(.ARM.Collect$$libinit$$00000004)
    __rt_lib_init_rand_1                     0x080001b3   Thumb Code     0  libinit2.o(.ARM.Collect$$libinit$$0000000E)
    __rt_lib_init_user_alloc_1               0x080001b3   Thumb Code     0  libinit2.o(.ARM.Collect$$libinit$$0000000C)
    __rt_lib_init_lc_collate_1               0x080001b9   Thumb Code     0  libinit2.o(.ARM.Collect$$libinit$$00000011)
    __rt_lib_init_lc_ctype_2                 0x080001b9   Thumb Code     0  libinit2.o(.ARM.Collect$$libinit$$00000012)
    __rt_lib_init_lc_ctype_1                 0x080001c5   Thumb Code     0  libinit2.o(.ARM.Collect$$libinit$$00000013)
    __rt_lib_init_lc_monetary_1              0x080001c5   Thumb Code     0  libinit2.o(.ARM.Collect$$libinit$$00000015)
    __rt_lib_init_lc_numeric_2               0x080001c5   Thumb Code     0  libinit2.o(.ARM.Collect$$libinit$$00000016)
    __rt_lib_init_alloca_1                   0x080001cf   Thumb Code     0  libinit2.o(.ARM.Collect$$libinit$$0000002E)
    __rt_lib_init_argv_1                     0x080001cf   Thumb Code     0  libinit2.o(.ARM.Collect$$libinit$$0000002C)
    __rt_lib_init_atexit_1                   0x080001cf   Thumb Code     0  libinit2.o(.ARM.Collect$$libinit$$0000001B)
    __rt_lib_init_clock_1                    0x080001cf   Thumb Code     0  libinit2.o(.ARM.Collect$$libinit$$00000021)
    __rt_lib_init_cpp_1                      0x080001cf   Thumb Code     0  libinit2.o(.ARM.Collect$$libinit$$00000032)
    __rt_lib_init_exceptions_1               0x080001cf   Thumb Code     0  libinit2.o(.ARM.Collect$$libinit$$00000030)
    __rt_lib_init_fp_trap_1                  0x080001cf   Thumb Code     0  libinit2.o(.ARM.Collect$$libinit$$0000001F)
    __rt_lib_init_getenv_1                   0x080001cf   Thumb Code     0  libinit2.o(.ARM.Collect$$libinit$$00000023)
    __rt_lib_init_lc_numeric_1               0x080001cf   Thumb Code     0  libinit2.o(.ARM.Collect$$libinit$$00000017)
    __rt_lib_init_lc_time_1                  0x080001cf   Thumb Code     0  libinit2.o(.ARM.Collect$$libinit$$00000019)
    __rt_lib_init_return                     0x080001cf   Thumb Code     0  libinit2.o(.ARM.Collect$$libinit$$00000033)
    __rt_lib_init_signal_1                   0x080001cf   Thumb Code     0  libinit2.o(.ARM.Collect$$libinit$$0000001D)
    __rt_lib_init_stdio_1                    0x080001cf   Thumb Code     0  libinit2.o(.ARM.Collect$$libinit$$00000025)
    __rt_lib_shutdown                        0x080001d1   Thumb Code     0  libshutdown.o(.ARM.Collect$$libshutdown$$00000000)
    __rt_lib_shutdown_fp_trap_1              0x080001d3   Thumb Code     0  libshutdown2.o(.ARM.Collect$$libshutdown$$00000006)
    __rt_lib_shutdown_heap_1                 0x080001d3   Thumb Code     0  libshutdown2.o(.ARM.Collect$$libshutdown$$0000000E)
    __rt_lib_shutdown_return                 0x080001d3   Thumb Code     0  libshutdown2.o(.ARM.Collect$$libshutdown$$0000000F)
    __rt_lib_shutdown_signal_1               0x080001d3   Thumb Code     0  libshutdown2.o(.ARM.Collect$$libshutdown$$00000009)
    __rt_lib_shutdown_stdio_1                0x080001d3   Thumb Code     0  libshutdown2.o(.ARM.Collect$$libshutdown$$00000003)
    __rt_lib_shutdown_user_alloc_1           0x080001d3   Thumb Code     0  libshutdown2.o(.ARM.Collect$$libshutdown$$0000000B)
    __rt_entry                               0x080001d5   Thumb Code     0  __rtentry.o(.ARM.Collect$$rtentry$$00000000)
    __rt_entry_presh_1                       0x080001d5   Thumb Code     0  __rtentry2.o(.ARM.Collect$$rtentry$$00000002)
    __rt_entry_sh                            0x080001d5   Thumb Code     0  __rtentry4.o(.ARM.Collect$$rtentry$$00000004)
    __rt_entry_li                            0x080001db   Thumb Code     0  __rtentry2.o(.ARM.Collect$$rtentry$$0000000A)
    __rt_entry_postsh_1                      0x080001db   Thumb Code     0  __rtentry2.o(.ARM.Collect$$rtentry$$00000009)
    __rt_entry_main                          0x080001df   Thumb Code     0  __rtentry2.o(.ARM.Collect$$rtentry$$0000000D)
    __rt_entry_postli_1                      0x080001df   Thumb Code     0  __rtentry2.o(.ARM.Collect$$rtentry$$0000000C)
    __rt_exit                                0x080001e7   Thumb Code     0  rtexit.o(.ARM.Collect$$rtexit$$00000000)
    __rt_exit_ls                             0x080001e9   Thumb Code     0  rtexit2.o(.ARM.Collect$$rtexit$$00000003)
    __rt_exit_prels_1                        0x080001e9   Thumb Code     0  rtexit2.o(.ARM.Collect$$rtexit$$00000002)
    __rt_exit_exit                           0x080001ed   Thumb Code     0  rtexit2.o(.ARM.Collect$$rtexit$$00000004)
    Reset_Handler                            0x080001f5   Thumb Code     8  startup_stm32f10x_md.o(.text)
    ADC1_2_IRQHandler                        0x0800020f   Thumb Code     0  startup_stm32f10x_md.o(.text)
    CAN1_RX1_IRQHandler                      0x0800020f   Thumb Code     0  startup_stm32f10x_md.o(.text)
    CAN1_SCE_IRQHandler                      0x0800020f   Thumb Code     0  startup_stm32f10x_md.o(.text)
    DMA1_Channel1_IRQHandler                 0x0800020f   Thumb Code     0  startup_stm32f10x_md.o(.text)
    DMA1_Channel2_IRQHandler                 0x0800020f   Thumb Code     0  startup_stm32f10x_md.o(.text)
    DMA1_Channel3_IRQHandler                 0x0800020f   Thumb Code     0  startup_stm32f10x_md.o(.text)
    DMA1_Channel4_IRQHandler                 0x0800020f   Thumb Code     0  startup_stm32f10x_md.o(.text)
    DMA1_Channel5_IRQHandler                 0x0800020f   Thumb Code     0  startup_stm32f10x_md.o(.text)
    DMA1_Channel6_IRQHandler                 0x0800020f   Thumb Code     0  startup_stm32f10x_md.o(.text)
    DMA1_Channel7_IRQHandler                 0x0800020f   Thumb Code     0  startup_stm32f10x_md.o(.text)
    EXTI0_IRQHandler                         0x0800020f   Thumb Code     0  startup_stm32f10x_md.o(.text)
    EXTI15_10_IRQHandler                     0x0800020f   Thumb Code     0  startup_stm32f10x_md.o(.text)
    EXTI1_IRQHandler                         0x0800020f   Thumb Code     0  startup_stm32f10x_md.o(.text)
    EXTI2_IRQHandler                         0x0800020f   Thumb Code     0  startup_stm32f10x_md.o(.text)
    EXTI3_IRQHandler                         0x0800020f   Thumb Code     0  startup_stm32f10x_md.o(.text)
    EXTI4_IRQHandler                         0x0800020f   Thumb Code     0  startup_stm32f10x_md.o(.text)
    EXTI9_5_IRQHandler                       0x0800020f   Thumb Code     0  startup_stm32f10x_md.o(.text)
    FLASH_IRQHandler                         0x0800020f   Thumb Code     0  startup_stm32f10x_md.o(.text)
    I2C1_ER_IRQHandler                       0x0800020f   Thumb Code     0  startup_stm32f10x_md.o(.text)
    I2C1_EV_IRQHandler                       0x0800020f   Thumb Code     0  startup_stm32f10x_md.o(.text)
    I2C2_ER_IRQHandler                       0x0800020f   Thumb Code     0  startup_stm32f10x_md.o(.text)
    I2C2_EV_IRQHandler                       0x0800020f   Thumb Code     0  startup_stm32f10x_md.o(.text)
    PVD_IRQHandler                           0x0800020f   Thumb Code     0  startup_stm32f10x_md.o(.text)
    RCC_IRQHandler                           0x0800020f   Thumb Code     0  startup_stm32f10x_md.o(.text)
    RTCAlarm_IRQHandler                      0x0800020f   Thumb Code     0  startup_stm32f10x_md.o(.text)
    RTC_IRQHandler                           0x0800020f   Thumb Code     0  startup_stm32f10x_md.o(.text)
    SPI1_IRQHandler                          0x0800020f   Thumb Code     0  startup_stm32f10x_md.o(.text)
    SPI2_IRQHandler                          0x0800020f   Thumb Code     0  startup_stm32f10x_md.o(.text)
    TAMPER_IRQHandler                        0x0800020f   Thumb Code     0  startup_stm32f10x_md.o(.text)
    TIM1_BRK_IRQHandler                      0x0800020f   Thumb Code     0  startup_stm32f10x_md.o(.text)
    TIM1_CC_IRQHandler                       0x0800020f   Thumb Code     0  startup_stm32f10x_md.o(.text)
    TIM1_TRG_COM_IRQHandler                  0x0800020f   Thumb Code     0  startup_stm32f10x_md.o(.text)
    TIM1_UP_IRQHandler                       0x0800020f   Thumb Code     0  startup_stm32f10x_md.o(.text)
    TIM2_IRQHandler                          0x0800020f   Thumb Code     0  startup_stm32f10x_md.o(.text)
    TIM4_IRQHandler                          0x0800020f   Thumb Code     0  startup_stm32f10x_md.o(.text)
    USART2_IRQHandler                        0x0800020f   Thumb Code     0  startup_stm32f10x_md.o(.text)
    USBWakeUp_IRQHandler                     0x0800020f   Thumb Code     0  startup_stm32f10x_md.o(.text)
    USB_HP_CAN1_TX_IRQHandler                0x0800020f   Thumb Code     0  startup_stm32f10x_md.o(.text)
    USB_LP_CAN1_RX0_IRQHandler               0x0800020f   Thumb Code     0  startup_stm32f10x_md.o(.text)
    WWDG_IRQHandler                          0x0800020f   Thumb Code     0  startup_stm32f10x_md.o(.text)
    __user_initial_stackheap                 0x08000211   Thumb Code     0  startup_stm32f10x_md.o(.text)
    __use_no_semihosting                     0x08000235   Thumb Code     2  use_no_semi_2.o(.text)
    __2sprintf                               0x08000239   Thumb Code    34  noretval__2sprintf.o(.text)
    _printf_pre_padding                      0x08000261   Thumb Code    44  _printf_pad.o(.text)
    _printf_post_padding                     0x0800028d   Thumb Code    34  _printf_pad.o(.text)
    _printf_int_dec                          0x080002b1   Thumb Code   104  _printf_dec.o(.text)
    __printf                                 0x08000329   Thumb Code   308  __printf_flags_wp.o(.text)
    atoi                                     0x08000461   Thumb Code    26  atoi.o(.text)
    strstr                                   0x0800047b   Thumb Code    36  strstr.o(.text)
    strlen                                   0x0800049f   Thumb Code    62  strlen.o(.text)
    strcat                                   0x080004dd   Thumb Code    24  strcat.o(.text)
    __aeabi_memcpy4                          0x080004f5   Thumb Code     0  rt_memcpy_w.o(.text)
    __aeabi_memcpy8                          0x080004f5   Thumb Code     0  rt_memcpy_w.o(.text)
    __rt_memcpy_w                            0x080004f5   Thumb Code   100  rt_memcpy_w.o(.text)
    _memcpy_lastbytes_aligned                0x0800053d   Thumb Code     0  rt_memcpy_w.o(.text)
    __aeabi_memclr                           0x08000559   Thumb Code     0  rt_memclr.o(.text)
    __rt_memclr                              0x08000559   Thumb Code    68  rt_memclr.o(.text)
    _memset                                  0x0800055d   Thumb Code     0  rt_memclr.o(.text)
    strncpy                                  0x0800059d   Thumb Code    86  strncpy.o(.text)
    __use_two_region_memory                  0x080005f3   Thumb Code     2  heapauxi.o(.text)
    __rt_heap_escrow$2region                 0x080005f5   Thumb Code     2  heapauxi.o(.text)
    __rt_heap_expand$2region                 0x080005f7   Thumb Code     2  heapauxi.o(.text)
    __I$use$semihosting                      0x080005f9   Thumb Code     0  use_no_semi.o(.text)
    __use_no_semihosting_swi                 0x080005f9   Thumb Code     2  use_no_semi.o(.text)
    __aeabi_errno_addr                       0x080005fd   Thumb Code     8  rt_errno_addr_intlibspace.o(.text)
    __errno$intlibspace                      0x080005fd   Thumb Code     0  rt_errno_addr_intlibspace.o(.text)
    __rt_errno_addr$intlibspace              0x080005fd   Thumb Code     0  rt_errno_addr_intlibspace.o(.text)
    __read_errno                             0x08000605   Thumb Code    10  _rserrno.o(.text)
    __set_errno                              0x0800060f   Thumb Code    12  _rserrno.o(.text)
    _printf_int_common                       0x0800061b   Thumb Code   178  _printf_intcommon.o(.text)
    __lib_sel_fp_printf                      0x080006cd   Thumb Code     2  _printf_fp_dec.o(.text)
    _printf_fp_dec_real                      0x0800087b   Thumb Code   620  _printf_fp_dec.o(.text)
    _printf_char_common                      0x08000af3   Thumb Code    32  _printf_char_common.o(.text)
    _sputc                                   0x08000b19   Thumb Code    10  _sputc.o(.text)
    strtol                                   0x08000b23   Thumb Code   112  strtol.o(.text)
    __aeabi_memclr4                          0x08000b93   Thumb Code     0  rt_memclr_w.o(.text)
    __aeabi_memclr8                          0x08000b93   Thumb Code     0  rt_memclr_w.o(.text)
    __rt_memclr_w                            0x08000b93   Thumb Code    78  rt_memclr_w.o(.text)
    _memset_w                                0x08000b97   Thumb Code     0  rt_memclr_w.o(.text)
    __user_libspace                          0x08000be1   Thumb Code     8  libspace.o(.text)
    __user_perproc_libspace                  0x08000be1   Thumb Code     0  libspace.o(.text)
    __user_perthread_libspace                0x08000be1   Thumb Code     0  libspace.o(.text)
    __rt_ctype_table                         0x08000be9   Thumb Code    16  rt_ctype_table.o(.text)
    __rt_locale                              0x08000bf9   Thumb Code     8  rt_locale_intlibspace.o(.text)
    _ll_udiv10                               0x08000c01   Thumb Code   138  lludiv10.o(.text)
    _printf_fp_infnan                        0x08000c8d   Thumb Code   112  _printf_fp_infnan.o(.text)
    _strtoul                                 0x08000d0d   Thumb Code   158  _strtoul.o(.text)
    _btod_etento                             0x08000dad   Thumb Code   216  bigflt0.o(.text)
    __user_setup_stackheap                   0x08000e89   Thumb Code    74  sys_stackheap_outer.o(.text)
    _chval                                   0x08000ed3   Thumb Code    28  _chval.o(.text)
    exit                                     0x08000eef   Thumb Code    12  exit.o(.text)
    strcmp                                   0x08000efd   Thumb Code   128  strcmpv7m.o(.text)
    _btod_d2e                                0x08000f7d   Thumb Code    62  btod.o(CL$$btod_d2e)
    _d2e_denorm_low                          0x08000fbb   Thumb Code    70  btod.o(CL$$btod_d2e_denorm_low)
    _d2e_norm_op1                            0x08001001   Thumb Code    96  btod.o(CL$$btod_d2e_norm_op1)
    __btod_div_common                        0x08001061   Thumb Code   696  btod.o(CL$$btod_div_common)
    _e2e                                     0x08001399   Thumb Code   198  btod.o(CL$$btod_e2e)
    _btod_ediv                               0x0800145f   Thumb Code    40  btod.o(CL$$btod_ediv)
    _btod_emul                               0x08001487   Thumb Code    40  btod.o(CL$$btod_emul)
    __btod_mult_common                       0x080014af   Thumb Code   580  btod.o(CL$$btod_mult_common)
    BusFault_Handler                         0x080016f3   Thumb Code     4  stm32f10x_it.o(i.BusFault_Handler)
    Conver_week                              0x080016f9   Thumb Code    92  ds1302.o(i.Conver_week)
    DAT_MODE_IN                              0x08001759   Thumb Code    26  ds1302.o(i.DAT_MODE_IN)
    DAT_MODE_OUT                             0x08001779   Thumb Code    32  ds1302.o(i.DAT_MODE_OUT)
    DS1302_DateRead                          0x0800179d   Thumb Code   288  ds1302.o(i.DS1302_DateRead)
    DS1302_DateSet                           0x080018bd   Thumb Code   262  ds1302.o(i.DS1302_DateSet)
    DS1302_GPIO_Init                         0x080019c5   Thumb Code    50  ds1302.o(i.DS1302_GPIO_Init)
    DS1302_Init                              0x080019fd   Thumb Code    98  ds1302.o(i.DS1302_Init)
    DS1302_ReadByte                          0x08001a61   Thumb Code   140  ds1302.o(i.DS1302_ReadByte)
    DS1302_WriteByte                         0x08001af1   Thumb Code    78  ds1302.o(i.DS1302_WriteByte)
    DS1302_WriteOneByte                      0x08001b45   Thumb Code    82  ds1302.o(i.DS1302_WriteOneByte)
    DS18B20_Init                             0x08001b9d   Thumb Code   156  ds18b20.o(i.DS18B20_Init)
    DS18B20_ReadByte                         0x08001c3d   Thumb Code   114  ds18b20.o(i.DS18B20_ReadByte)
    DS18B20_WriteByte                        0x08001cb5   Thumb Code   106  ds18b20.o(i.DS18B20_WriteByte)
    DebugMon_Handler                         0x08001d25   Thumb Code     2  stm32f10x_it.o(i.DebugMon_Handler)
    DisplayInitInter1                        0x08001d29   Thumb Code    52  main.o(i.DisplayInitInter1)
    DisplayInitInter2                        0x08001d69   Thumb Code   218  main.o(i.DisplayInitInter2)
    DisplayInitInter3                        0x08001e89   Thumb Code    80  main.o(i.DisplayInitInter3)
    FLASH_ErasePage                          0x08001ef1   Thumb Code    72  stm32f10x_flash.o(i.FLASH_ErasePage)
    FLASH_GetBank1Status                     0x08001f3d   Thumb Code    48  stm32f10x_flash.o(i.FLASH_GetBank1Status)
    FLASH_Lock                               0x08001f71   Thumb Code    14  stm32f10x_flash.o(i.FLASH_Lock)
    FLASH_ProgramHalfWord                    0x08001f85   Thumb Code    60  stm32f10x_flash.o(i.FLASH_ProgramHalfWord)
    FLASH_Unlock                             0x08001fc5   Thumb Code    12  stm32f10x_flash.o(i.FLASH_Unlock)
    FLASH_WaitForLastOperation               0x08001fdd   Thumb Code    38  stm32f10x_flash.o(i.FLASH_WaitForLastOperation)
    GPIO_Init                                0x08002003   Thumb Code   278  stm32f10x_gpio.o(i.GPIO_Init)
    GPIO_PinRemapConfig                      0x08002119   Thumb Code   138  stm32f10x_gpio.o(i.GPIO_PinRemapConfig)
    GPIO_ReadInputDataBit                    0x080021a9   Thumb Code    18  stm32f10x_gpio.o(i.GPIO_ReadInputDataBit)
    GPIO_ResetBits                           0x080021bb   Thumb Code     4  stm32f10x_gpio.o(i.GPIO_ResetBits)
    GPIO_SetBits                             0x080021bf   Thumb Code     4  stm32f10x_gpio.o(i.GPIO_SetBits)
    GPS_RMC_Parse                            0x080021c5   Thumb Code   312  gps.o(i.GPS_RMC_Parse)
    Get_Ds1302_Time                          0x0800236d   Thumb Code    10  main.o(i.Get_Ds1302_Time)
    Get_GPS                                  0x0800237d   Thumb Code    98  main.o(i.Get_GPS)
    Get_Steps                                0x080023fd   Thumb Code   170  main.o(i.Get_Steps)
    Gui_Circle                               0x080024c9   Thumb Code   300  lcd.o(i.Gui_Circle)
    Gui_DrawFont_GBK12                       0x080025f5   Thumb Code   410  lcd.o(i.Gui_DrawFont_GBK12)
    Gui_DrawFont_GBK16                       0x08002799   Thumb Code   394  lcd.o(i.Gui_DrawFont_GBK16)
    Gui_DrawPoint                            0x0800292d   Thumb Code    32  lcd.o(i.Gui_DrawPoint)
    HardFault_Handler                        0x0800294d   Thumb Code     4  stm32f10x_it.o(i.HardFault_Handler)
    I2C_SDA_IN                               0x08002951   Thumb Code    30  iic.o(i.I2C_SDA_IN)
    I2C_SDA_OUT                              0x08002975   Thumb Code    30  iic.o(i.I2C_SDA_OUT)
    IIC_Ack                                  0x08002999   Thumb Code    66  myiic.o(i.IIC_Ack)
    IIC_Init                                 0x080029ed   Thumb Code    78  myiic.o(i.IIC_Init)
    IIC_NAck                                 0x08002a4d   Thumb Code    66  myiic.o(i.IIC_NAck)
    IIC_Read_Byte                            0x08002aa1   Thumb Code    82  myiic.o(i.IIC_Read_Byte)
    IIC_Send_Byte                            0x08002b05   Thumb Code    88  myiic.o(i.IIC_Send_Byte)
    IIC_Start                                0x08002b6d   Thumb Code    64  myiic.o(i.IIC_Start)
    IIC_Stop                                 0x08002bb9   Thumb Code    62  myiic.o(i.IIC_Stop)
    IIC_Wait_Ack                             0x08002c05   Thumb Code    84  myiic.o(i.IIC_Wait_Ack)
    IIC_ack                                  0x08002c69   Thumb Code    48  iic.o(i.IIC_ack)
    IIC_init                                 0x08002ca1   Thumb Code    46  iic.o(i.IIC_init)
    IIC_noack                                0x08002cd5   Thumb Code    48  iic.o(i.IIC_noack)
    IIC_read_byte                            0x08002d0d   Thumb Code    82  iic.o(i.IIC_read_byte)
    IIC_send_byte                            0x08002d69   Thumb Code    68  iic.o(i.IIC_send_byte)
    IIC_start                                0x08002db5   Thumb Code    46  iic.o(i.IIC_start)
    IIC_stop                                 0x08002ded   Thumb Code    44  iic.o(i.IIC_stop)
    IIC_wait_ack                             0x08002e21   Thumb Code    68  iic.o(i.IIC_wait_ack)
    KEY_GPIO_Init                            0x08002e6d   Thumb Code   102  gpio.o(i.KEY_GPIO_Init)
    LCD_DrawLine                             0x08002ee5   Thumb Code   172  lcd.o(i.LCD_DrawLine)
    LCD_Fill                                 0x08002f91   Thumb Code    78  lcd.o(i.LCD_Fill)
    LCD_GPIO_Init                            0x08002fe1   Thumb Code    72  lcd.o(i.LCD_GPIO_Init)
    LCD_ShowChar                             0x08003031   Thumb Code   300  lcd.o(i.LCD_ShowChar)
    LCD_ShowPicture                          0x0800316d   Thumb Code    80  lcd.o(i.LCD_ShowPicture)
    LCD_ShowString                           0x080031bd   Thumb Code    58  lcd.o(i.LCD_ShowString)
    LCD_WriteData_16Bit                      0x080031f9   Thumb Code    38  lcd.o(i.LCD_WriteData_16Bit)
    Lcd_Clear                                0x08003229   Thumb Code    50  lcd.o(i.Lcd_Clear)
    Lcd_Init                                 0x0800325b   Thumb Code   546  lcd.o(i.Lcd_Init)
    Lcd_Reset                                0x0800347d   Thumb Code    30  lcd.o(i.Lcd_Reset)
    Lcd_SetRegion                            0x080034a1   Thumb Code    82  lcd.o(i.Lcd_SetRegion)
    Lcd_WriteData                            0x080034f5   Thumb Code    32  lcd.o(i.Lcd_WriteData)
    Lcd_WriteIndex                           0x0800351d   Thumb Code    32  lcd.o(i.Lcd_WriteIndex)
    MemManage_Handler                        0x08003545   Thumb Code     4  stm32f10x_it.o(i.MemManage_Handler)
    NMI_Handler                              0x08003549   Thumb Code     2  stm32f10x_it.o(i.NMI_Handler)
    NVIC_Configuration                       0x0800354b   Thumb Code    12  sys.o(i.NVIC_Configuration)
    NVIC_Init                                0x08003559   Thumb Code   100  misc.o(i.NVIC_Init)
    NVIC_PriorityGroupConfig                 0x080035c9   Thumb Code    10  misc.o(i.NVIC_PriorityGroupConfig)
    PendSV_Handler                           0x080035dd   Thumb Code     2  stm32f10x_it.o(i.PendSV_Handler)
    RCC_APB1PeriphClockCmd                   0x080035e1   Thumb Code    26  stm32f10x_rcc.o(i.RCC_APB1PeriphClockCmd)
    RCC_APB1PeriphResetCmd                   0x08003601   Thumb Code    26  stm32f10x_rcc.o(i.RCC_APB1PeriphResetCmd)
    RCC_APB2PeriphClockCmd                   0x08003621   Thumb Code    26  stm32f10x_rcc.o(i.RCC_APB2PeriphClockCmd)
    RCC_APB2PeriphResetCmd                   0x08003641   Thumb Code    26  stm32f10x_rcc.o(i.RCC_APB2PeriphResetCmd)
    RCC_GetClocksFreq                        0x08003661   Thumb Code   192  stm32f10x_rcc.o(i.RCC_GetClocksFreq)
    ReadTemperature                          0x08003735   Thumb Code   106  ds18b20.o(i.ReadTemperature)
    ReceiveSetValue_1                        0x080037a9   Thumb Code   140  main.o(i.ReceiveSetValue_1)
    ReceiveSetValue_2                        0x08003835   Thumb Code   138  main.o(i.ReceiveSetValue_2)
    SPI_WriteData                            0x080038c1   Thumb Code    54  lcd.o(i.SPI_WriteData)
    STM32F10x_Read                           0x080038fd   Thumb Code    34  stm32f10x_flash.o(i.STM32F10x_Read)
    STM32_FlashCheck                         0x08003921   Thumb Code    74  main.o(i.STM32_FlashCheck)
    STM32_FlashReadData                      0x08003985   Thumb Code   140  main.o(i.STM32_FlashReadData)
    STM32_FlashWriteData                     0x08003a35   Thumb Code   138  main.o(i.STM32_FlashWriteData)
    STMFLASH_ReadHalfWord                    0x08003ae5   Thumb Code     6  stm32f10x_flash.o(i.STMFLASH_ReadHalfWord)
    STMFLASH_Write                           0x08003aed   Thumb Code   222  stm32f10x_flash.o(i.STMFLASH_Write)
    STMFLASH_Write_NoCheck                   0x08003bd5   Thumb Code    34  stm32f10x_flash.o(i.STMFLASH_Write_NoCheck)
    SVC_Handler                              0x08003bf7   Thumb Code     2  stm32f10x_it.o(i.SVC_Handler)
    Str_To_Float                             0x08003e01   Thumb Code   196  gps.o(i.Str_To_Float)
    SysTick_CLKSourceConfig                  0x08003ee1   Thumb Code   132  misc.o(i.SysTick_CLKSourceConfig)
    SysTick_Handler                          0x08003f71   Thumb Code     2  stm32f10x_it.o(i.SysTick_Handler)
    SystemInit                               0x08003f75   Thumb Code    78  system_stm32f10x.o(i.SystemInit)
    TIM3_IRQHandler                          0x08003fd5   Thumb Code   464  main.o(i.TIM3_IRQHandler)
    TIM3_Init                                0x08004211   Thumb Code    88  timer.o(i.TIM3_Init)
    TIM_ClearITPendingBit                    0x0800426d   Thumb Code     6  stm32f10x_tim.o(i.TIM_ClearITPendingBit)
    TIM_Cmd                                  0x08004273   Thumb Code    24  stm32f10x_tim.o(i.TIM_Cmd)
    TIM_GetITStatus                          0x0800428b   Thumb Code    34  stm32f10x_tim.o(i.TIM_GetITStatus)
    TIM_ITConfig                             0x080042ad   Thumb Code    18  stm32f10x_tim.o(i.TIM_ITConfig)
    TIM_TimeBaseInit                         0x080042c1   Thumb Code   122  stm32f10x_tim.o(i.TIM_TimeBaseInit)
    USART1_IRQHandler                        0x08004365   Thumb Code   262  usart1.o(i.USART1_IRQHandler)
    USART3_IRQHandler                        0x08004495   Thumb Code   140  usart3.o(i.USART3_IRQHandler)
    USART3_Init                              0x0800453d   Thumb Code   164  usart3.o(i.USART3_Init)
    USART_ClearFlag                          0x080045e9   Thumb Code    18  stm32f10x_usart.o(i.USART_ClearFlag)
    USART_ClearITPendingBit                  0x080045fb   Thumb Code    30  stm32f10x_usart.o(i.USART_ClearITPendingBit)
    USART_Cmd                                0x08004619   Thumb Code    24  stm32f10x_usart.o(i.USART_Cmd)
    USART_DeInit                             0x08004631   Thumb Code   134  stm32f10x_usart.o(i.USART_DeInit)
    USART_GetFlagStatus                      0x080046cd   Thumb Code    26  stm32f10x_usart.o(i.USART_GetFlagStatus)
    USART_GetITStatus                        0x080046e7   Thumb Code    84  stm32f10x_usart.o(i.USART_GetITStatus)
    USART_ITConfig                           0x0800473b   Thumb Code    74  stm32f10x_usart.o(i.USART_ITConfig)
    USART_Init                               0x08004785   Thumb Code   210  stm32f10x_usart.o(i.USART_Init)
    USART_ReceiveData                        0x0800485d   Thumb Code    10  stm32f10x_usart.o(i.USART_ReceiveData)
    UsageFault_Handler                       0x08004867   Thumb Code     4  stm32f10x_it.o(i.UsageFault_Handler)
    UsartSendBufClear                        0x0800486b   Thumb Code   222  usart1.o(i.UsartSendBufClear)
    UsartSendReceiveData                     0x08004949   Thumb Code  1902  main.o(i.UsartSendReceiveData)
    __ARM_fpclassify                         0x080051a9   Thumb Code    40  fpclassify.o(i.__ARM_fpclassify)
    __ieee754_rem_pio2                       0x080051d1   Thumb Code   828  rred.o(i.__ieee754_rem_pio2)
    __kernel_cos                             0x08005559   Thumb Code   230  cos_i.o(i.__kernel_cos)
    __kernel_poly                            0x08005655   Thumb Code   170  poly.o(i.__kernel_poly)
    __kernel_sin                             0x08005701   Thumb Code   224  sin_i.o(i.__kernel_sin)
    __mathlib_dbl_infnan                     0x080057ed   Thumb Code     6  dunder.o(i.__mathlib_dbl_infnan)
    __mathlib_dbl_invalid                    0x080057f3   Thumb Code    12  dunder.o(i.__mathlib_dbl_invalid)
    __mathlib_dbl_underflow                  0x08005801   Thumb Code    10  dunder.o(i.__mathlib_dbl_underflow)
    _is_digit                                0x08005811   Thumb Code    14  __printf_wp.o(i._is_digit)
    _sys_exit                                0x0800581f   Thumb Code     6  usart1.o(i._sys_exit)
    adxl345_init                             0x08005825   Thumb Code    64  adxl345.o(i.adxl345_init)
    adxl345_read_average                     0x08005865   Thumb Code   168  adxl345.o(i.adxl345_read_average)
    adxl345_read_data                        0x0800590d   Thumb Code   142  adxl345.o(i.adxl345_read_data)
    adxl345_write_reg                        0x0800599b   Thumb Code    46  adxl345.o(i.adxl345_write_reg)
    beep_remind                              0x080059c9   Thumb Code    26  main.o(i.beep_remind)
    clear_time_data                          0x080059ed   Thumb Code    20  main.o(i.clear_time_data)
    cos                                      0x08005a05   Thumb Code   148  cos.o(i.cos)
    delay_init                               0x08005aa1   Thumb Code    50  delay.o(i.delay_init)
    delay_ms                                 0x08005ae5   Thumb Code   126  delay.o(i.delay_ms)
    delay_us                                 0x08005b75   Thumb Code    72  delay.o(i.delay_us)
    display_exercise_time                    0x08005bc1   Thumb Code   190  main.o(i.display_exercise_time)
    display_format                           0x08005ca5   Thumb Code   154  main.o(i.display_format)
    display_main_menu                        0x08005d75   Thumb Code  1056  main.o(i.display_main_menu)
    display_menu1                            0x08006195   Thumb Code  1302  main.o(i.display_menu1)
    display_menu2                            0x080066cd   Thumb Code  1094  main.o(i.display_menu2)
    display_menu3                            0x08006b15   Thumb Code   584  main.o(i.display_menu3)
    display_menu4                            0x08006d91   Thumb Code  1192  main.o(i.display_menu4)
    display_menu5                            0x0800723d   Thumb Code   252  main.o(i.display_menu5)
    display_time                             0x0800736d   Thumb Code  1076  main.o(i.display_time)
    drawClockFace                            0x080077a1   Thumb Code   968  main.o(i.drawClockFace)
    drawHand                                 0x08007b89   Thumb Code   218  main.o(i.drawHand)
    keyscan                                  0x08007c71   Thumb Code   140  main.o(i.keyscan)
    main                                     0x08007d05   Thumb Code  1714  main.o(i.main)
    max30102_init_fifo                       0x08008415   Thumb Code   162  max30102.o(i.max30102_init_fifo)
    max30102_read_data                       0x080084ed   Thumb Code  1278  max30102.o(i.max30102_read_data)
    maxim_find_peaks                         0x08008a09   Thumb Code    66  algorithm.o(i.maxim_find_peaks)
    maxim_heart_rate_and_oxygen_saturation   0x08008a4d   Thumb Code   842  algorithm.o(i.maxim_heart_rate_and_oxygen_saturation)
    maxim_max30102_init                      0x08008da9   Thumb Code   160  max30102.o(i.maxim_max30102_init)
    maxim_max30102_read_fifo                 0x08008e49   Thumb Code   212  max30102.o(i.maxim_max30102_read_fifo)
    maxim_max30102_read_reg                  0x08008f1d   Thumb Code    82  max30102.o(i.maxim_max30102_read_reg)
    maxim_max30102_reset                     0x08008f6f   Thumb Code    20  max30102.o(i.maxim_max30102_reset)
    maxim_max30102_write_reg                 0x08008f83   Thumb Code    68  max30102.o(i.maxim_max30102_write_reg)
    maxim_peaks_above_min_height             0x08008fc7   Thumb Code   170  algorithm.o(i.maxim_peaks_above_min_height)
    maxim_remove_close_peaks                 0x08009071   Thumb Code   114  algorithm.o(i.maxim_remove_close_peaks)
    maxim_sort_ascend                        0x080090e3   Thumb Code    54  algorithm.o(i.maxim_sort_ascend)
    maxim_sort_indices_descend               0x08009119   Thumb Code    64  algorithm.o(i.maxim_sort_indices_descend)
    sin                                      0x08009159   Thumb Code   150  sin.o(i.sin)
    uart1_Init                               0x080091f9   Thumb Code   178  usart1.o(i.uart1_Init)
    uart1_send                               0x080092b5   Thumb Code    76  usart1.o(i.uart1_send)
    updateClock                              0x08009305   Thumb Code   530  main.o(i.updateClock)
    _get_lc_numeric                          0x08009551   Thumb Code    44  lc_numeric_c.o(locale$$code)
    _get_lc_ctype                            0x0800957d   Thumb Code    44  lc_ctype_c.o(locale$$code)
    __aeabi_d2f                              0x080095a9   Thumb Code     0  d2f.o(x$fpl$d2f)
    _d2f                                     0x080095a9   Thumb Code    98  d2f.o(x$fpl$d2f)
    __aeabi_dadd                             0x0800960d   Thumb Code     0  daddsub_clz.o(x$fpl$dadd)
    _dadd                                    0x0800960d   Thumb Code   332  daddsub_clz.o(x$fpl$dadd)
    __fpl_dcheck_NaN1                        0x0800975d   Thumb Code    10  dcheck1.o(x$fpl$dcheck1)
    __fpl_dcmp_Inf                           0x0800976d   Thumb Code    24  dcmpi.o(x$fpl$dcmpinf)
    __aeabi_ddiv                             0x08009785   Thumb Code     0  ddiv.o(x$fpl$ddiv)
    _ddiv                                    0x08009785   Thumb Code   552  ddiv.o(x$fpl$ddiv)
    __aeabi_cdcmpeq                          0x08009a35   Thumb Code     0  deqf.o(x$fpl$deqf)
    _dcmpeq                                  0x08009a35   Thumb Code   120  deqf.o(x$fpl$deqf)
    __aeabi_d2iz                             0x08009aad   Thumb Code     0  dfix.o(x$fpl$dfix)
    _dfix                                    0x08009aad   Thumb Code    94  dfix.o(x$fpl$dfix)
    __aeabi_d2uiz                            0x08009b0d   Thumb Code     0  dfixu.o(x$fpl$dfixu)
    _dfixu                                   0x08009b0d   Thumb Code    90  dfixu.o(x$fpl$dfixu)
    __aeabi_i2d                              0x08009b67   Thumb Code     0  dflt_clz.o(x$fpl$dflt)
    _dflt                                    0x08009b67   Thumb Code    46  dflt_clz.o(x$fpl$dflt)
    __aeabi_ui2d                             0x08009b95   Thumb Code     0  dflt_clz.o(x$fpl$dfltu)
    _dfltu                                   0x08009b95   Thumb Code    38  dflt_clz.o(x$fpl$dfltu)
    __aeabi_cdcmple                          0x08009bbd   Thumb Code     0  dleqf.o(x$fpl$dleqf)
    _dcmple                                  0x08009bbd   Thumb Code   120  dleqf.o(x$fpl$dleqf)
    __fpl_dcmple_InfNaN                      0x08009c1f   Thumb Code     0  dleqf.o(x$fpl$dleqf)
    __aeabi_dmul                             0x08009c35   Thumb Code     0  dmul.o(x$fpl$dmul)
    _dmul                                    0x08009c35   Thumb Code   332  dmul.o(x$fpl$dmul)
    __fpl_dnaninf                            0x08009d89   Thumb Code   156  dnaninf.o(x$fpl$dnaninf)
    __fpl_dretinf                            0x08009e25   Thumb Code    12  dretinf.o(x$fpl$dretinf)
    __aeabi_drsub                            0x08009e31   Thumb Code     0  daddsub_clz.o(x$fpl$drsb)
    _drsb                                    0x08009e31   Thumb Code    22  daddsub_clz.o(x$fpl$drsb)
    __aeabi_dsub                             0x08009e49   Thumb Code     0  daddsub_clz.o(x$fpl$dsub)
    _dsub                                    0x08009e49   Thumb Code   464  daddsub_clz.o(x$fpl$dsub)
    __aeabi_f2d                              0x0800a01d   Thumb Code     0  f2d.o(x$fpl$f2d)
    _f2d                                     0x0800a01d   Thumb Code    86  f2d.o(x$fpl$f2d)
    __aeabi_fadd                             0x0800a075   Thumb Code     0  faddsub_clz.o(x$fpl$fadd)
    _fadd                                    0x0800a075   Thumb Code   196  faddsub_clz.o(x$fpl$fadd)
    __fpl_fcmp_Inf                           0x0800a139   Thumb Code    24  fcmpi.o(x$fpl$fcmpinf)
    __aeabi_fdiv                             0x0800a151   Thumb Code     0  fdiv.o(x$fpl$fdiv)
    _fdiv                                    0x0800a151   Thumb Code   384  fdiv.o(x$fpl$fdiv)
    __aeabi_cfcmpeq                          0x0800a2d5   Thumb Code     0  feqf.o(x$fpl$feqf)
    _fcmpeq                                  0x0800a2d5   Thumb Code   104  feqf.o(x$fpl$feqf)
    __aeabi_f2iz                             0x0800a33d   Thumb Code     0  ffix.o(x$fpl$ffix)
    _ffix                                    0x0800a33d   Thumb Code    54  ffix.o(x$fpl$ffix)
    __aeabi_f2uiz                            0x0800a375   Thumb Code     0  ffixu.o(x$fpl$ffixu)
    _ffixu                                   0x0800a375   Thumb Code    62  ffixu.o(x$fpl$ffixu)
    __aeabi_i2f                              0x0800a3b5   Thumb Code     0  fflt_clz.o(x$fpl$fflt)
    _fflt                                    0x0800a3b5   Thumb Code    48  fflt_clz.o(x$fpl$fflt)
    __aeabi_ui2f                             0x0800a3e5   Thumb Code     0  fflt_clz.o(x$fpl$ffltu)
    _ffltu                                   0x0800a3e5   Thumb Code    38  fflt_clz.o(x$fpl$ffltu)
    __aeabi_cfcmple                          0x0800a40d   Thumb Code     0  fleqf.o(x$fpl$fleqf)
    _fcmple                                  0x0800a40d   Thumb Code   104  fleqf.o(x$fpl$fleqf)
    __fpl_fcmple_InfNaN                      0x0800a45f   Thumb Code     0  fleqf.o(x$fpl$fleqf)
    __aeabi_fmul                             0x0800a475   Thumb Code     0  fmul.o(x$fpl$fmul)
    _fmul                                    0x0800a475   Thumb Code   258  fmul.o(x$fpl$fmul)
    __fpl_fnaninf                            0x0800a577   Thumb Code   140  fnaninf.o(x$fpl$fnaninf)
    __fpl_fretinf                            0x0800a603   Thumb Code    10  fretinf.o(x$fpl$fretinf)
    __aeabi_cfrcmple                         0x0800a60d   Thumb Code     0  frleqf.o(x$fpl$frleqf)
    _frcmple                                 0x0800a60d   Thumb Code    98  frleqf.o(x$fpl$frleqf)
    __aeabi_fsub                             0x0800a671   Thumb Code     0  faddsub_clz.o(x$fpl$fsub)
    _fsub                                    0x0800a671   Thumb Code   234  faddsub_clz.o(x$fpl$fsub)
    _printf_fp_dec                           0x0800a75b   Thumb Code     4  printf1.o(x$fpl$printf1)
    __fpl_return_NaN                         0x0800a75f   Thumb Code   100  retnan.o(x$fpl$retnan)
    __ARM_scalbn                             0x0800a7c3   Thumb Code    92  scalbn.o(x$fpl$scalbn)
    __fpl_cmpreturn                          0x0800a81f   Thumb Code    48  trapv.o(x$fpl$trapveneer)
    __I$use$fp                               0x0800a84e   Number         0  usenofp.o(x$fpl$usenofp)
    asc16                                    0x0800a84e   Data        1457  lcd.o(.constdata)
    ascii_1206                               0x0800adff   Data        1092  lcd.o(.constdata)
    ascii_2412                               0x0800b243   Data         672  lcd.o(.constdata)
    ascii_3216                               0x0800b4e3   Data           1  lcd.o(.constdata)
    ascii_4824                               0x0800b4e4   Data        1584  lcd.o(.constdata)
    hz12                                     0x0800bb14   Data         442  lcd.o(.constdata)
    hz16                                     0x0800bcce   Data        1088  lcd.o(.constdata)
    hz24                                     0x0800c10e   Data           2  lcd.o(.constdata)
    uch_spo2_table                           0x0800c110   Data         184  algorithm.o(.constdata)
    gImage_heart                             0x0800c1c8   Data         392  main.o(.constdata)
    gImage_spo2                              0x0800c350   Data         338  main.o(.constdata)
    gImage_step                              0x0800c4a2   Data         450  main.o(.constdata)
    gImage_temp                              0x0800c664   Data         392  main.o(.constdata)
    gImage_heart_2                           0x0800c7ec   Data        2312  main.o(.constdata)
    gImage_spo2_2                            0x0800d0f4   Data        2312  main.o(.constdata)
    gImage_temp_2                            0x0800d9fc   Data        2312  main.o(.constdata)
    gImage_step_2                            0x0800e304   Data        2178  main.o(.constdata)
    Region$$Table$$Base                      0x0800ee74   Number         0  anon$$obj.o(Region$$Table)
    Region$$Table$$Limit                     0x0800ee94   Number         0  anon$$obj.o(Region$$Table)
    __ctype                                  0x0800eebd   Data           0  lc_ctype_c.o(locale$$data)
    SysDate                                  0x20000014   Data          16  ds1302.o(.data)
    table_week                               0x20000024   Data          12  ds1302.o(.data)
    n_ir_buffer_length                       0x20000030   Data           4  max30102.o(.data)
    n_spo2                                   0x20000034   Data           4  max30102.o(.data)
    ch_spo2_valid                            0x20000038   Data           1  max30102.o(.data)
    n_heart_rate                             0x2000003c   Data           4  max30102.o(.data)
    ch_hr_valid                              0x20000040   Data           1  max30102.o(.data)
    uch_dummy                                0x20000041   Data           1  max30102.o(.data)
    hrSum                                    0x20000044   Data           4  max30102.o(.data)
    hrAvg                                    0x20000048   Data           4  max30102.o(.data)
    spo2Sum                                  0x2000004c   Data           4  max30102.o(.data)
    spo2Avg                                  0x20000050   Data           4  max30102.o(.data)
    spo2BuffFilled                           0x20000054   Data           4  max30102.o(.data)
    hrBuffFilled                             0x20000058   Data           4  max30102.o(.data)
    hrValidCnt                               0x2000005c   Data           4  max30102.o(.data)
    spo2ValidCnt                             0x20000060   Data           4  max30102.o(.data)
    hrThrowOutSamp                           0x20000064   Data           4  max30102.o(.data)
    spo2ThrowOutSamp                         0x20000068   Data           4  max30102.o(.data)
    spo2Timeout                              0x2000006c   Data           4  max30102.o(.data)
    hrTimeout                                0x20000070   Data           4  max30102.o(.data)
    un_min                                   0x20000074   Data           4  max30102.o(.data)
    un_max                                   0x20000078   Data           4  max30102.o(.data)
    un_prev_data                             0x2000007c   Data           4  max30102.o(.data)
    un_brightness                            0x20000080   Data           4  max30102.o(.data)
    GPS_rx_flag                              0x20000088   Data           1  main.o(.data)
    key_num                                  0x20000089   Data           1  main.o(.data)
    selectColor                              0x2000008a   Data           1  main.o(.data)
    set_flag                                 0x2000008b   Data           1  main.o(.data)
    InitDispalyFlag                          0x2000008c   Data           1  main.o(.data)
    init_display_time                        0x2000008d   Data           1  main.o(.data)
    shuaxin                                  0x2000008e   Data           1  main.o(.data)
    mode                                     0x2000008f   Data           1  main.o(.data)
    p_r                                      0x20000090   Data           1  main.o(.data)
    step_num                                 0x20000092   Data           2  main.o(.data)
    remind_step                              0x20000094   Data           2  main.o(.data)
    temperature                              0x20000096   Data           2  main.o(.data)
    temp_max                                 0x20000098   Data           2  main.o(.data)
    temp_min                                 0x2000009a   Data           2  main.o(.data)
    heart_rate_max                           0x2000009c   Data           2  main.o(.data)
    heart_rate_min                           0x2000009e   Data           2  main.o(.data)
    spo2_min                                 0x200000a0   Data           2  main.o(.data)
    gps_lon                                  0x200000a4   Data           4  main.o(.data)
    gps_lat                                  0x200000a8   Data           4  main.o(.data)
    tixing                                   0x200000ac   Data           1  main.o(.data)
    StepRemindTime                           0x200000ad   Data           1  main.o(.data)
    adx                                      0x200000b0   Data           4  main.o(.data)
    ady                                      0x200000b4   Data           4  main.o(.data)
    adz                                      0x200000b8   Data           4  main.o(.data)
    acc                                      0x200000bc   Data           4  main.o(.data)
    exerciseTime                             0x200000c0   Data           4  main.o(.data)
    update_eTime                             0x200000c4   Data           1  main.o(.data)
    update_gps                               0x200000c5   Data           1  main.o(.data)
    start_flag                               0x200000c6   Data           1  main.o(.data)
    SendFlag                                 0x200000c7   Data           1  main.o(.data)
    AppConnectState                          0x200000c8   Data           1  main.o(.data)
    timeBackground                           0x200000ca   Data           2  main.o(.data)
    Color                                    0x200000cc   Data          26  main.o(.data)
    t_eTime                                  0x200000e8   Data           4  main.o(.data)
    scale                                    0x200000ec   Data          48  main.o(.data)
    SystemCoreClock                          0x20000130   Data           4  system_stm32f10x.o(.data)
    SysTick_Info                             0x20000134   Data           2  system_stm32f10x.o(.data)
    AHBPrescTable                            0x20000136   Data          16  system_stm32f10x.o(.data)
    RxCounter                                0x20000154   Data           4  usart1.o(.data)
    __stdout                                 0x20000158   Data           4  usart1.o(.data)
    buf                                      0x2000015c   Data           7  usart1.o(.data)
    nums                                     0x20000163   Data           1  usart1.o(.data)
    uart_rev_start                           0x20000164   Data           1  usart1.o(.data)
    usart_rx_start                           0x20000165   Data           1  usart1.o(.data)
    usart_rx_stop                            0x20000166   Data           1  usart1.o(.data)
    Rx3Counter                               0x20000168   Data           4  usart3.o(.data)
    rev_start                                0x2000016c   Data           1  usart3.o(.data)
    rev_stop                                 0x2000016d   Data           1  usart3.o(.data)
    gps_flag                                 0x2000016e   Data           1  usart3.o(.data)
    num                                      0x2000016f   Data           1  usart3.o(.data)
    STMFLASH_BUF                             0x20000170   Data        1024  stm32f10x_flash.o(.bss)
    aun_ir_buffer                            0x20000930   Data         600  max30102.o(.bss)
    aun_red_buffer                           0x20000b88   Data         600  max30102.o(.bss)
    hr_buf                                   0x20000de0   Data          64  max30102.o(.bss)
    spo2_buf                                 0x20000e20   Data          64  max30102.o(.bss)
    GPS                                      0x20001220   Data          40  main.o(.bss)
    display                                  0x20001248   Data          16  main.o(.bss)
    Usart1RecBuf                             0x20001258   Data         144  usart1.o(.bss)
    Usart3RecBuf                             0x200012e8   Data          80  usart3.o(.bss)
    __libspace_start                         0x20001338   Data          96  libspace.o(.bss)
    __temporary_stack_top$libspace           0x20001398   Data           0  libspace.o(.bss)



==============================================================================

Memory Map of the image

  Image Entry point : 0x080000ed

  Load Region LR_IROM1 (Base: 0x08000000, Size: 0x0000f130, Max: 0x00010000, ABSOLUTE, COMPRESSED[0x0000f054])

    Execution Region ER_IROM1 (Base: 0x08000000, Size: 0x0000efc0, Max: 0x00010000, ABSOLUTE)

    Base Addr    Size         Type   Attr      Idx    E Section Name        Object

    0x08000000   0x000000ec   Data   RO            3    RESET               startup_stm32f10x_md.o
    0x080000ec   0x00000008   Code   RO         2864  * !!!main             c_w.l(__main.o)
    0x080000f4   0x00000034   Code   RO         3229    !!!scatter          c_w.l(__scatter.o)
    0x08000128   0x0000005a   Code   RO         3227    !!dczerorl2         c_w.l(__dczerorl2.o)
    0x08000182   0x00000002   PAD
    0x08000184   0x0000001c   Code   RO         3231    !!handler_zi        c_w.l(__scatter_zi.o)
    0x080001a0   0x00000000   Code   RO         2847    .ARM.Collect$$_printf_percent$$00000000  c_w.l(_printf_percent.o)
    0x080001a0   0x00000006   Code   RO         2846    .ARM.Collect$$_printf_percent$$00000003  c_w.l(_printf_f.o)
    0x080001a6   0x00000006   Code   RO         2845    .ARM.Collect$$_printf_percent$$00000009  c_w.l(_printf_d.o)
    0x080001ac   0x00000004   Code   RO         2968    .ARM.Collect$$_printf_percent$$00000017  c_w.l(_printf_percent_end.o)
    0x080001b0   0x00000002   Code   RO         3099    .ARM.Collect$$libinit$$00000000  c_w.l(libinit.o)
    0x080001b2   0x00000000   Code   RO         3101    .ARM.Collect$$libinit$$00000002  c_w.l(libinit2.o)
    0x080001b2   0x00000000   Code   RO         3103    .ARM.Collect$$libinit$$00000004  c_w.l(libinit2.o)
    0x080001b2   0x00000000   Code   RO         3106    .ARM.Collect$$libinit$$0000000A  c_w.l(libinit2.o)
    0x080001b2   0x00000000   Code   RO         3108    .ARM.Collect$$libinit$$0000000C  c_w.l(libinit2.o)
    0x080001b2   0x00000000   Code   RO         3110    .ARM.Collect$$libinit$$0000000E  c_w.l(libinit2.o)
    0x080001b2   0x00000006   Code   RO         3111    .ARM.Collect$$libinit$$0000000F  c_w.l(libinit2.o)
    0x080001b8   0x00000000   Code   RO         3113    .ARM.Collect$$libinit$$00000011  c_w.l(libinit2.o)
    0x080001b8   0x0000000c   Code   RO         3114    .ARM.Collect$$libinit$$00000012  c_w.l(libinit2.o)
    0x080001c4   0x00000000   Code   RO         3115    .ARM.Collect$$libinit$$00000013  c_w.l(libinit2.o)
    0x080001c4   0x00000000   Code   RO         3117    .ARM.Collect$$libinit$$00000015  c_w.l(libinit2.o)
    0x080001c4   0x0000000a   Code   RO         3118    .ARM.Collect$$libinit$$00000016  c_w.l(libinit2.o)
    0x080001ce   0x00000000   Code   RO         3119    .ARM.Collect$$libinit$$00000017  c_w.l(libinit2.o)
    0x080001ce   0x00000000   Code   RO         3121    .ARM.Collect$$libinit$$00000019  c_w.l(libinit2.o)
    0x080001ce   0x00000000   Code   RO         3123    .ARM.Collect$$libinit$$0000001B  c_w.l(libinit2.o)
    0x080001ce   0x00000000   Code   RO         3125    .ARM.Collect$$libinit$$0000001D  c_w.l(libinit2.o)
    0x080001ce   0x00000000   Code   RO         3127    .ARM.Collect$$libinit$$0000001F  c_w.l(libinit2.o)
    0x080001ce   0x00000000   Code   RO         3129    .ARM.Collect$$libinit$$00000021  c_w.l(libinit2.o)
    0x080001ce   0x00000000   Code   RO         3131    .ARM.Collect$$libinit$$00000023  c_w.l(libinit2.o)
    0x080001ce   0x00000000   Code   RO         3133    .ARM.Collect$$libinit$$00000025  c_w.l(libinit2.o)
    0x080001ce   0x00000000   Code   RO         3137    .ARM.Collect$$libinit$$0000002C  c_w.l(libinit2.o)
    0x080001ce   0x00000000   Code   RO         3139    .ARM.Collect$$libinit$$0000002E  c_w.l(libinit2.o)
    0x080001ce   0x00000000   Code   RO         3141    .ARM.Collect$$libinit$$00000030  c_w.l(libinit2.o)
    0x080001ce   0x00000000   Code   RO         3143    .ARM.Collect$$libinit$$00000032  c_w.l(libinit2.o)
    0x080001ce   0x00000002   Code   RO         3144    .ARM.Collect$$libinit$$00000033  c_w.l(libinit2.o)
    0x080001d0   0x00000002   Code   RO         3178    .ARM.Collect$$libshutdown$$00000000  c_w.l(libshutdown.o)
    0x080001d2   0x00000000   Code   RO         3188    .ARM.Collect$$libshutdown$$00000003  c_w.l(libshutdown2.o)
    0x080001d2   0x00000000   Code   RO         3191    .ARM.Collect$$libshutdown$$00000006  c_w.l(libshutdown2.o)
    0x080001d2   0x00000000   Code   RO         3194    .ARM.Collect$$libshutdown$$00000009  c_w.l(libshutdown2.o)
    0x080001d2   0x00000000   Code   RO         3196    .ARM.Collect$$libshutdown$$0000000B  c_w.l(libshutdown2.o)
    0x080001d2   0x00000000   Code   RO         3199    .ARM.Collect$$libshutdown$$0000000E  c_w.l(libshutdown2.o)
    0x080001d2   0x00000002   Code   RO         3200    .ARM.Collect$$libshutdown$$0000000F  c_w.l(libshutdown2.o)
    0x080001d4   0x00000000   Code   RO         2952    .ARM.Collect$$rtentry$$00000000  c_w.l(__rtentry.o)
    0x080001d4   0x00000000   Code   RO         3018    .ARM.Collect$$rtentry$$00000002  c_w.l(__rtentry2.o)
    0x080001d4   0x00000006   Code   RO         3030    .ARM.Collect$$rtentry$$00000004  c_w.l(__rtentry4.o)
    0x080001da   0x00000000   Code   RO         3020    .ARM.Collect$$rtentry$$00000009  c_w.l(__rtentry2.o)
    0x080001da   0x00000004   Code   RO         3021    .ARM.Collect$$rtentry$$0000000A  c_w.l(__rtentry2.o)
    0x080001de   0x00000000   Code   RO         3023    .ARM.Collect$$rtentry$$0000000C  c_w.l(__rtentry2.o)
    0x080001de   0x00000008   Code   RO         3024    .ARM.Collect$$rtentry$$0000000D  c_w.l(__rtentry2.o)
    0x080001e6   0x00000002   Code   RO         3147    .ARM.Collect$$rtexit$$00000000  c_w.l(rtexit.o)
    0x080001e8   0x00000000   Code   RO         3156    .ARM.Collect$$rtexit$$00000002  c_w.l(rtexit2.o)
    0x080001e8   0x00000004   Code   RO         3157    .ARM.Collect$$rtexit$$00000003  c_w.l(rtexit2.o)
    0x080001ec   0x00000006   Code   RO         3158    .ARM.Collect$$rtexit$$00000004  c_w.l(rtexit2.o)
    0x080001f2   0x00000002   PAD
    0x080001f4   0x00000040   Code   RO            4    .text               startup_stm32f10x_md.o
    0x08000234   0x00000002   Code   RO         2813    .text               c_w.l(use_no_semi_2.o)
    0x08000236   0x00000002   PAD
    0x08000238   0x00000028   Code   RO         2817    .text               c_w.l(noretval__2sprintf.o)
    0x08000260   0x0000004e   Code   RO         2821    .text               c_w.l(_printf_pad.o)
    0x080002ae   0x00000002   PAD
    0x080002b0   0x00000078   Code   RO         2823    .text               c_w.l(_printf_dec.o)
    0x08000328   0x00000138   Code   RO         2837    .text               c_w.l(__printf_flags_wp.o)
    0x08000460   0x0000001a   Code   RO         2848    .text               c_w.l(atoi.o)
    0x0800047a   0x00000024   Code   RO         2850    .text               c_w.l(strstr.o)
    0x0800049e   0x0000003e   Code   RO         2852    .text               c_w.l(strlen.o)
    0x080004dc   0x00000018   Code   RO         2854    .text               c_w.l(strcat.o)
    0x080004f4   0x00000064   Code   RO         2856    .text               c_w.l(rt_memcpy_w.o)
    0x08000558   0x00000044   Code   RO         2858    .text               c_w.l(rt_memclr.o)
    0x0800059c   0x00000056   Code   RO         2860    .text               c_w.l(strncpy.o)
    0x080005f2   0x00000006   Code   RO         2862    .text               c_w.l(heapauxi.o)
    0x080005f8   0x00000002   Code   RO         2950    .text               c_w.l(use_no_semi.o)
    0x080005fa   0x00000002   PAD
    0x080005fc   0x00000008   Code   RO         2956    .text               c_w.l(rt_errno_addr_intlibspace.o)
    0x08000604   0x00000016   Code   RO         2958    .text               c_w.l(_rserrno.o)
    0x0800061a   0x000000b2   Code   RO         2960    .text               c_w.l(_printf_intcommon.o)
    0x080006cc   0x0000041a   Code   RO         2962    .text               c_w.l(_printf_fp_dec.o)
    0x08000ae6   0x00000002   PAD
    0x08000ae8   0x00000030   Code   RO         2964    .text               c_w.l(_printf_char_common.o)
    0x08000b18   0x0000000a   Code   RO         2966    .text               c_w.l(_sputc.o)
    0x08000b22   0x00000070   Code   RO         2969    .text               c_w.l(strtol.o)
    0x08000b92   0x0000004e   Code   RO         2971    .text               c_w.l(rt_memclr_w.o)
    0x08000be0   0x00000008   Code   RO         3014    .text               c_w.l(libspace.o)
    0x08000be8   0x00000010   Code   RO         3032    .text               c_w.l(rt_ctype_table.o)
    0x08000bf8   0x00000008   Code   RO         3037    .text               c_w.l(rt_locale_intlibspace.o)
    0x08000c00   0x0000008a   Code   RO         3039    .text               c_w.l(lludiv10.o)
    0x08000c8a   0x00000002   PAD
    0x08000c8c   0x00000080   Code   RO         3041    .text               c_w.l(_printf_fp_infnan.o)
    0x08000d0c   0x0000009e   Code   RO         3045    .text               c_w.l(_strtoul.o)
    0x08000daa   0x00000002   PAD
    0x08000dac   0x000000dc   Code   RO         3047    .text               c_w.l(bigflt0.o)
    0x08000e88   0x0000004a   Code   RO         3083    .text               c_w.l(sys_stackheap_outer.o)
    0x08000ed2   0x0000001c   Code   RO         3085    .text               c_w.l(_chval.o)
    0x08000eee   0x0000000c   Code   RO         3090    .text               c_w.l(exit.o)
    0x08000efa   0x00000002   PAD
    0x08000efc   0x00000080   Code   RO         3092    .text               c_w.l(strcmpv7m.o)
    0x08000f7c   0x0000003e   Code   RO         3050    CL$$btod_d2e        c_w.l(btod.o)
    0x08000fba   0x00000046   Code   RO         3052    CL$$btod_d2e_denorm_low  c_w.l(btod.o)
    0x08001000   0x00000060   Code   RO         3051    CL$$btod_d2e_norm_op1  c_w.l(btod.o)
    0x08001060   0x00000338   Code   RO         3060    CL$$btod_div_common  c_w.l(btod.o)
    0x08001398   0x000000c6   Code   RO         3057    CL$$btod_e2e        c_w.l(btod.o)
    0x0800145e   0x00000028   Code   RO         3054    CL$$btod_ediv       c_w.l(btod.o)
    0x08001486   0x00000028   Code   RO         3053    CL$$btod_emul       c_w.l(btod.o)
    0x080014ae   0x00000244   Code   RO         3059    CL$$btod_mult_common  c_w.l(btod.o)
    0x080016f2   0x00000004   Code   RO         2532    i.BusFault_Handler  stm32f10x_it.o
    0x080016f6   0x00000002   PAD
    0x080016f8   0x00000060   Code   RO         1870    i.Conver_week       ds1302.o
    0x08001758   0x00000020   Code   RO         1871    i.DAT_MODE_IN       ds1302.o
    0x08001778   0x00000024   Code   RO         1872    i.DAT_MODE_OUT      ds1302.o
    0x0800179c   0x00000120   Code   RO         1873    i.DS1302_DateRead   ds1302.o
    0x080018bc   0x00000106   Code   RO         1874    i.DS1302_DateSet    ds1302.o
    0x080019c2   0x00000002   PAD
    0x080019c4   0x00000038   Code   RO         1875    i.DS1302_GPIO_Init  ds1302.o
    0x080019fc   0x00000062   Code   RO         1876    i.DS1302_Init       ds1302.o
    0x08001a5e   0x00000002   PAD
    0x08001a60   0x00000090   Code   RO         1877    i.DS1302_ReadByte   ds1302.o
    0x08001af0   0x00000054   Code   RO         1878    i.DS1302_WriteByte  ds1302.o
    0x08001b44   0x00000058   Code   RO         1879    i.DS1302_WriteOneByte  ds1302.o
    0x08001b9c   0x000000a0   Code   RO         1943    i.DS18B20_Init      ds18b20.o
    0x08001c3c   0x00000078   Code   RO         1944    i.DS18B20_ReadByte  ds18b20.o
    0x08001cb4   0x00000070   Code   RO         1945    i.DS18B20_WriteByte  ds18b20.o
    0x08001d24   0x00000002   Code   RO         2533    i.DebugMon_Handler  stm32f10x_it.o
    0x08001d26   0x00000002   PAD
    0x08001d28   0x00000040   Code   RO         2314    i.DisplayInitInter1  main.o
    0x08001d68   0x00000120   Code   RO         2315    i.DisplayInitInter2  main.o
    0x08001e88   0x00000068   Code   RO         2316    i.DisplayInitInter3  main.o
    0x08001ef0   0x0000004c   Code   RO         1461    i.FLASH_ErasePage   stm32f10x_flash.o
    0x08001f3c   0x00000034   Code   RO         1462    i.FLASH_GetBank1Status  stm32f10x_flash.o
    0x08001f70   0x00000014   Code   RO         1471    i.FLASH_Lock        stm32f10x_flash.o
    0x08001f84   0x00000040   Code   RO         1474    i.FLASH_ProgramHalfWord  stm32f10x_flash.o
    0x08001fc4   0x00000018   Code   RO         1479    i.FLASH_Unlock      stm32f10x_flash.o
    0x08001fdc   0x00000026   Code   RO         1483    i.FLASH_WaitForLastOperation  stm32f10x_flash.o
    0x08002002   0x00000116   Code   RO          327    i.GPIO_Init         stm32f10x_gpio.o
    0x08002118   0x00000090   Code   RO          329    i.GPIO_PinRemapConfig  stm32f10x_gpio.o
    0x080021a8   0x00000012   Code   RO          331    i.GPIO_ReadInputDataBit  stm32f10x_gpio.o
    0x080021ba   0x00000004   Code   RO          334    i.GPIO_ResetBits    stm32f10x_gpio.o
    0x080021be   0x00000004   Code   RO          335    i.GPIO_SetBits      stm32f10x_gpio.o
    0x080021c2   0x00000002   PAD
    0x080021c4   0x0000013c   Code   RO         2254    i.GPS_RMC_Parse     gps.o
    0x08002300   0x00000038   Code   RO         2255    i.GetComma          gps.o
    0x08002338   0x00000034   Code   RO         2256    i.Get_Double_Number  gps.o
    0x0800236c   0x00000010   Code   RO         2317    i.Get_Ds1302_Time   main.o
    0x0800237c   0x00000080   Code   RO         2318    i.Get_GPS           main.o
    0x080023fc   0x000000cc   Code   RO         2319    i.Get_Steps         main.o
    0x080024c8   0x0000012c   Code   RO         1701    i.Gui_Circle        lcd.o
    0x080025f4   0x000001a4   Code   RO         1702    i.Gui_DrawFont_GBK12  lcd.o
    0x08002798   0x00000194   Code   RO         1703    i.Gui_DrawFont_GBK16  lcd.o
    0x0800292c   0x00000020   Code   RO         1704    i.Gui_DrawPoint     lcd.o
    0x0800294c   0x00000004   Code   RO         2534    i.HardFault_Handler  stm32f10x_it.o
    0x08002950   0x00000024   Code   RO         1981    i.I2C_SDA_IN        iic.o
    0x08002974   0x00000024   Code   RO         1982    i.I2C_SDA_OUT       iic.o
    0x08002998   0x00000054   Code   RO         2089    i.IIC_Ack           myiic.o
    0x080029ec   0x00000060   Code   RO         2090    i.IIC_Init          myiic.o
    0x08002a4c   0x00000054   Code   RO         2091    i.IIC_NAck          myiic.o
    0x08002aa0   0x00000064   Code   RO         2092    i.IIC_Read_Byte     myiic.o
    0x08002b04   0x00000068   Code   RO         2093    i.IIC_Send_Byte     myiic.o
    0x08002b6c   0x0000004c   Code   RO         2094    i.IIC_Start         myiic.o
    0x08002bb8   0x0000004c   Code   RO         2095    i.IIC_Stop          myiic.o
    0x08002c04   0x00000064   Code   RO         2096    i.IIC_Wait_Ack      myiic.o
    0x08002c68   0x00000038   Code   RO         1983    i.IIC_ack           iic.o
    0x08002ca0   0x00000034   Code   RO         1984    i.IIC_init          iic.o
    0x08002cd4   0x00000038   Code   RO         1985    i.IIC_noack         iic.o
    0x08002d0c   0x0000005c   Code   RO         1986    i.IIC_read_byte     iic.o
    0x08002d68   0x0000004c   Code   RO         1987    i.IIC_send_byte     iic.o
    0x08002db4   0x00000038   Code   RO         1988    i.IIC_start         iic.o
    0x08002dec   0x00000034   Code   RO         1989    i.IIC_stop          iic.o
    0x08002e20   0x0000004c   Code   RO         1990    i.IIC_wait_ack      iic.o
    0x08002e6c   0x00000078   Code   RO         1684    i.KEY_GPIO_Init     gpio.o
    0x08002ee4   0x000000ac   Code   RO         1708    i.LCD_DrawLine      lcd.o
    0x08002f90   0x0000004e   Code   RO         1709    i.LCD_Fill          lcd.o
    0x08002fde   0x00000002   PAD
    0x08002fe0   0x00000050   Code   RO         1710    i.LCD_GPIO_Init     lcd.o
    0x08003030   0x0000013c   Code   RO         1711    i.LCD_ShowChar      lcd.o
    0x0800316c   0x00000050   Code   RO         1712    i.LCD_ShowPicture   lcd.o
    0x080031bc   0x0000003a   Code   RO         1713    i.LCD_ShowString    lcd.o
    0x080031f6   0x00000002   PAD
    0x080031f8   0x00000030   Code   RO         1714    i.LCD_WriteData_16Bit  lcd.o
    0x08003228   0x00000032   Code   RO         1715    i.Lcd_Clear         lcd.o
    0x0800325a   0x00000222   Code   RO         1716    i.Lcd_Init          lcd.o
    0x0800347c   0x00000024   Code   RO         1718    i.Lcd_Reset         lcd.o
    0x080034a0   0x00000052   Code   RO         1719    i.Lcd_SetRegion     lcd.o
    0x080034f2   0x00000002   PAD
    0x080034f4   0x00000028   Code   RO         1721    i.Lcd_WriteData     lcd.o
    0x0800351c   0x00000028   Code   RO         1722    i.Lcd_WriteIndex    lcd.o
    0x08003544   0x00000004   Code   RO         2535    i.MemManage_Handler  stm32f10x_it.o
    0x08003548   0x00000002   Code   RO         2536    i.NMI_Handler       stm32f10x_it.o
    0x0800354a   0x0000000c   Code   RO         2692    i.NVIC_Configuration  sys.o
    0x08003556   0x00000002   PAD
    0x08003558   0x00000070   Code   RO           24    i.NVIC_Init         misc.o
    0x080035c8   0x00000014   Code   RO           25    i.NVIC_PriorityGroupConfig  misc.o
    0x080035dc   0x00000002   Code   RO         2537    i.PendSV_Handler    stm32f10x_it.o
    0x080035de   0x00000002   PAD
    0x080035e0   0x00000020   Code   RO          437    i.RCC_APB1PeriphClockCmd  stm32f10x_rcc.o
    0x08003600   0x00000020   Code   RO          438    i.RCC_APB1PeriphResetCmd  stm32f10x_rcc.o
    0x08003620   0x00000020   Code   RO          439    i.RCC_APB2PeriphClockCmd  stm32f10x_rcc.o
    0x08003640   0x00000020   Code   RO          440    i.RCC_APB2PeriphResetCmd  stm32f10x_rcc.o
    0x08003660   0x000000d4   Code   RO          447    i.RCC_GetClocksFreq  stm32f10x_rcc.o
    0x08003734   0x00000074   Code   RO         1946    i.ReadTemperature   ds18b20.o
    0x080037a8   0x0000008c   Code   RO         2320    i.ReceiveSetValue_1  main.o
    0x08003834   0x0000008a   Code   RO         2321    i.ReceiveSetValue_2  main.o
    0x080038be   0x00000002   PAD
    0x080038c0   0x0000003c   Code   RO         1724    i.SPI_WriteData     lcd.o
    0x080038fc   0x00000022   Code   RO         1484    i.STM32F10x_Read    stm32f10x_flash.o
    0x0800391e   0x00000002   PAD
    0x08003920   0x00000064   Code   RO         2322    i.STM32_FlashCheck  main.o
    0x08003984   0x000000b0   Code   RO         2323    i.STM32_FlashReadData  main.o
    0x08003a34   0x000000b0   Code   RO         2324    i.STM32_FlashWriteData  main.o
    0x08003ae4   0x00000006   Code   RO         1485    i.STMFLASH_ReadHalfWord  stm32f10x_flash.o
    0x08003aea   0x00000002   PAD
    0x08003aec   0x000000e8   Code   RO         1486    i.STMFLASH_Write    stm32f10x_flash.o
    0x08003bd4   0x00000022   Code   RO         1487    i.STMFLASH_Write_NoCheck  stm32f10x_flash.o
    0x08003bf6   0x00000002   Code   RO         2538    i.SVC_Handler       stm32f10x_it.o
    0x08003bf8   0x00000008   Code   RO         2616    i.SetSysClock       system_stm32f10x.o
    0x08003c00   0x000000e0   Code   RO         2617    i.SetSysClockTo72   system_stm32f10x.o
    0x08003ce0   0x00000120   Code   RO         2259    i.Str_To_Double     gps.o
    0x08003e00   0x000000e0   Code   RO         2260    i.Str_To_Float      gps.o
    0x08003ee0   0x00000090   Code   RO           28    i.SysTick_CLKSourceConfig  misc.o
    0x08003f70   0x00000002   Code   RO         2539    i.SysTick_Handler   stm32f10x_it.o
    0x08003f72   0x00000002   PAD
    0x08003f74   0x00000060   Code   RO         2619    i.SystemInit        system_stm32f10x.o
    0x08003fd4   0x0000023c   Code   RO         2325    i.TIM3_IRQHandler   main.o
    0x08004210   0x0000005c   Code   RO         1663    i.TIM3_Init         timer.o
    0x0800426c   0x00000006   Code   RO          739    i.TIM_ClearITPendingBit  stm32f10x_tim.o
    0x08004272   0x00000018   Code   RO          744    i.TIM_Cmd           stm32f10x_tim.o
    0x0800428a   0x00000022   Code   RO          765    i.TIM_GetITStatus   stm32f10x_tim.o
    0x080042ac   0x00000012   Code   RO          769    i.TIM_ITConfig      stm32f10x_tim.o
    0x080042be   0x00000002   PAD
    0x080042c0   0x000000a4   Code   RO          815    i.TIM_TimeBaseInit  stm32f10x_tim.o
    0x08004364   0x00000130   Code   RO         2707    i.USART1_IRQHandler  usart1.o
    0x08004494   0x000000a8   Code   RO         2767    i.USART3_IRQHandler  usart3.o
    0x0800453c   0x000000ac   Code   RO         2768    i.USART3_Init       usart3.o
    0x080045e8   0x00000012   Code   RO         1276    i.USART_ClearFlag   stm32f10x_usart.o
    0x080045fa   0x0000001e   Code   RO         1277    i.USART_ClearITPendingBit  stm32f10x_usart.o
    0x08004618   0x00000018   Code   RO         1280    i.USART_Cmd         stm32f10x_usart.o
    0x08004630   0x0000009c   Code   RO         1282    i.USART_DeInit      stm32f10x_usart.o
    0x080046cc   0x0000001a   Code   RO         1283    i.USART_GetFlagStatus  stm32f10x_usart.o
    0x080046e6   0x00000054   Code   RO         1284    i.USART_GetITStatus  stm32f10x_usart.o
    0x0800473a   0x0000004a   Code   RO         1286    i.USART_ITConfig    stm32f10x_usart.o
    0x08004784   0x000000d8   Code   RO         1287    i.USART_Init        stm32f10x_usart.o
    0x0800485c   0x0000000a   Code   RO         1294    i.USART_ReceiveData  stm32f10x_usart.o
    0x08004866   0x00000004   Code   RO         2540    i.UsageFault_Handler  stm32f10x_it.o
    0x0800486a   0x000000de   Code   RO         2708    i.UsartSendBufClear  usart1.o
    0x08004948   0x00000860   Code   RO         2326    i.UsartSendReceiveData  main.o
    0x080051a8   0x00000028   Code   RO         3079    i.__ARM_fpclassify  m_ws.l(fpclassify.o)
    0x080051d0   0x00000388   Code   RO         3003    i.__ieee754_rem_pio2  m_ws.l(rred.o)
    0x08005558   0x000000fc   Code   RO         2986    i.__kernel_cos      m_ws.l(cos_i.o)
    0x08005654   0x000000aa   Code   RO         3081    i.__kernel_poly     m_ws.l(poly.o)
    0x080056fe   0x00000002   PAD
    0x08005700   0x000000ec   Code   RO         3008    i.__kernel_sin      m_ws.l(sin_i.o)
    0x080057ec   0x00000006   Code   RO         2990    i.__mathlib_dbl_infnan  m_ws.l(dunder.o)
    0x080057f2   0x0000000c   Code   RO         2992    i.__mathlib_dbl_invalid  m_ws.l(dunder.o)
    0x080057fe   0x00000002   PAD
    0x08005800   0x00000010   Code   RO         2995    i.__mathlib_dbl_underflow  m_ws.l(dunder.o)
    0x08005810   0x0000000e   Code   RO         2835    i._is_digit         c_w.l(__printf_wp.o)
    0x0800581e   0x00000006   Code   RO         2709    i._sys_exit         usart1.o
    0x08005824   0x00000040   Code   RO         2050    i.adxl345_init      adxl345.o
    0x08005864   0x000000a8   Code   RO         2051    i.adxl345_read_average  adxl345.o
    0x0800590c   0x0000008e   Code   RO         2052    i.adxl345_read_data  adxl345.o
    0x0800599a   0x0000002e   Code   RO         2054    i.adxl345_write_reg  adxl345.o
    0x080059c8   0x00000024   Code   RO         2327    i.beep_remind       main.o
    0x080059ec   0x00000018   Code   RO         2328    i.clear_time_data   main.o
    0x08005a04   0x0000009c   Code   RO         2935    i.cos               m_ws.l(cos.o)
    0x08005aa0   0x00000044   Code   RO         2663    i.delay_init        delay.o
    0x08005ae4   0x00000090   Code   RO         2664    i.delay_ms          delay.o
    0x08005b74   0x0000004c   Code   RO         2665    i.delay_us          delay.o
    0x08005bc0   0x000000e4   Code   RO         2329    i.display_exercise_time  main.o
    0x08005ca4   0x000000d0   Code   RO         2330    i.display_format    main.o
    0x08005d74   0x00000420   Code   RO         2331    i.display_main_menu  main.o
    0x08006194   0x00000538   Code   RO         2332    i.display_menu1     main.o
    0x080066cc   0x00000446   Code   RO         2333    i.display_menu2     main.o
    0x08006b12   0x00000002   PAD
    0x08006b14   0x0000027c   Code   RO         2334    i.display_menu3     main.o
    0x08006d90   0x000004ac   Code   RO         2335    i.display_menu4     main.o
    0x0800723c   0x00000130   Code   RO         2336    i.display_menu5     main.o
    0x0800736c   0x00000434   Code   RO         2337    i.display_time      main.o
    0x080077a0   0x000003e8   Code   RO         2338    i.drawClockFace     main.o
    0x08007b88   0x000000e8   Code   RO         2339    i.drawHand          main.o
    0x08007c70   0x00000094   Code   RO         2340    i.keyscan           main.o
    0x08007d04   0x00000710   Code   RO         2341    i.main              main.o
    0x08008414   0x000000d8   Code   RO         2146    i.max30102_init_fifo  max30102.o
    0x080084ec   0x0000051c   Code   RO         2147    i.max30102_read_data  max30102.o
    0x08008a08   0x00000042   Code   RO         2207    i.maxim_find_peaks  algorithm.o
    0x08008a4a   0x00000002   PAD
    0x08008a4c   0x0000035c   Code   RO         2208    i.maxim_heart_rate_and_oxygen_saturation  algorithm.o
    0x08008da8   0x000000a0   Code   RO         2148    i.maxim_max30102_init  max30102.o
    0x08008e48   0x000000d4   Code   RO         2149    i.maxim_max30102_read_fifo  max30102.o
    0x08008f1c   0x00000052   Code   RO         2150    i.maxim_max30102_read_reg  max30102.o
    0x08008f6e   0x00000014   Code   RO         2151    i.maxim_max30102_reset  max30102.o
    0x08008f82   0x00000044   Code   RO         2152    i.maxim_max30102_write_reg  max30102.o
    0x08008fc6   0x000000aa   Code   RO         2209    i.maxim_peaks_above_min_height  algorithm.o
    0x08009070   0x00000072   Code   RO         2210    i.maxim_remove_close_peaks  algorithm.o
    0x080090e2   0x00000036   Code   RO         2211    i.maxim_sort_ascend  algorithm.o
    0x08009118   0x00000040   Code   RO         2212    i.maxim_sort_indices_descend  algorithm.o
    0x08009158   0x000000a0   Code   RO         2943    i.sin               m_ws.l(sin.o)
    0x080091f8   0x000000bc   Code   RO         2711    i.uart1_Init        usart1.o
    0x080092b4   0x00000050   Code   RO         2713    i.uart1_send        usart1.o
    0x08009304   0x0000024c   Code   RO         2342    i.updateClock       main.o
    0x08009550   0x0000002c   Code   RO         3073    locale$$code        c_w.l(lc_numeric_c.o)
    0x0800957c   0x0000002c   Code   RO         3088    locale$$code        c_w.l(lc_ctype_c.o)
    0x080095a8   0x00000062   Code   RO         2866    x$fpl$d2f           fz_ws.l(d2f.o)
    0x0800960a   0x00000002   PAD
    0x0800960c   0x00000150   Code   RO         2868    x$fpl$dadd          fz_ws.l(daddsub_clz.o)
    0x0800975c   0x00000010   Code   RO         3145    x$fpl$dcheck1       fz_ws.l(dcheck1.o)
    0x0800976c   0x00000018   Code   RO         2973    x$fpl$dcmpinf       fz_ws.l(dcmpi.o)
    0x08009784   0x000002b0   Code   RO         2875    x$fpl$ddiv          fz_ws.l(ddiv.o)
    0x08009a34   0x00000078   Code   RO         2878    x$fpl$deqf          fz_ws.l(deqf.o)
    0x08009aac   0x0000005e   Code   RO         2880    x$fpl$dfix          fz_ws.l(dfix.o)
    0x08009b0a   0x00000002   PAD
    0x08009b0c   0x0000005a   Code   RO         2884    x$fpl$dfixu         fz_ws.l(dfixu.o)
    0x08009b66   0x0000002e   Code   RO         2889    x$fpl$dflt          fz_ws.l(dflt_clz.o)
    0x08009b94   0x00000026   Code   RO         2888    x$fpl$dfltu         fz_ws.l(dflt_clz.o)
    0x08009bba   0x00000002   PAD
    0x08009bbc   0x00000078   Code   RO         2894    x$fpl$dleqf         fz_ws.l(dleqf.o)
    0x08009c34   0x00000154   Code   RO         2896    x$fpl$dmul          fz_ws.l(dmul.o)
    0x08009d88   0x0000009c   Code   RO         2975    x$fpl$dnaninf       fz_ws.l(dnaninf.o)
    0x08009e24   0x0000000c   Code   RO         2977    x$fpl$dretinf       fz_ws.l(dretinf.o)
    0x08009e30   0x00000016   Code   RO         2869    x$fpl$drsb          fz_ws.l(daddsub_clz.o)
    0x08009e46   0x00000002   PAD
    0x08009e48   0x000001d4   Code   RO         2870    x$fpl$dsub          fz_ws.l(daddsub_clz.o)
    0x0800a01c   0x00000056   Code   RO         2898    x$fpl$f2d           fz_ws.l(f2d.o)
    0x0800a072   0x00000002   PAD
    0x0800a074   0x000000c4   Code   RO         2900    x$fpl$fadd          fz_ws.l(faddsub_clz.o)
    0x0800a138   0x00000018   Code   RO         2979    x$fpl$fcmpinf       fz_ws.l(fcmpi.o)
    0x0800a150   0x00000184   Code   RO         2907    x$fpl$fdiv          fz_ws.l(fdiv.o)
    0x0800a2d4   0x00000068   Code   RO         2910    x$fpl$feqf          fz_ws.l(feqf.o)
    0x0800a33c   0x00000036   Code   RO         2912    x$fpl$ffix          fz_ws.l(ffix.o)
    0x0800a372   0x00000002   PAD
    0x0800a374   0x0000003e   Code   RO         2916    x$fpl$ffixu         fz_ws.l(ffixu.o)
    0x0800a3b2   0x00000002   PAD
    0x0800a3b4   0x00000030   Code   RO         2921    x$fpl$fflt          fz_ws.l(fflt_clz.o)
    0x0800a3e4   0x00000026   Code   RO         2920    x$fpl$ffltu         fz_ws.l(fflt_clz.o)
    0x0800a40a   0x00000002   PAD
    0x0800a40c   0x00000068   Code   RO         2926    x$fpl$fleqf         fz_ws.l(fleqf.o)
    0x0800a474   0x00000102   Code   RO         2928    x$fpl$fmul          fz_ws.l(fmul.o)
    0x0800a576   0x0000008c   Code   RO         2981    x$fpl$fnaninf       fz_ws.l(fnaninf.o)
    0x0800a602   0x0000000a   Code   RO         2983    x$fpl$fretinf       fz_ws.l(fretinf.o)
    0x0800a60c   0x00000062   Code   RO         2930    x$fpl$frleqf        fz_ws.l(frleqf.o)
    0x0800a66e   0x00000002   PAD
    0x0800a670   0x000000ea   Code   RO         2902    x$fpl$fsub          fz_ws.l(faddsub_clz.o)
    0x0800a75a   0x00000004   Code   RO         2932    x$fpl$printf1       fz_ws.l(printf1.o)
    0x0800a75e   0x00000064   Code   RO         3153    x$fpl$retnan        fz_ws.l(retnan.o)
    0x0800a7c2   0x0000005c   Code   RO         3077    x$fpl$scalbn        fz_ws.l(scalbn.o)
    0x0800a81e   0x00000030   Code   RO         3166    x$fpl$trapveneer    fz_ws.l(trapv.o)
    0x0800a84e   0x00000000   Code   RO         2985    x$fpl$usenofp       fz_ws.l(usenofp.o)
    0x0800a84e   0x000018c2   Data   RO         1725    .constdata          lcd.o
    0x0800c110   0x000000b8   Data   RO         2214    .constdata          algorithm.o
    0x0800c1c8   0x000029e8   Data   RO         2344    .constdata          main.o
    0x0800ebb0   0x00000011   Data   RO         2838    .constdata          c_w.l(__printf_flags_wp.o)
    0x0800ebc1   0x00000007   PAD
    0x0800ebc8   0x00000030   Data   RO         2987    .constdata          m_ws.l(cos_i.o)
    0x0800ebf8   0x000000c8   Data   RO         3005    .constdata          m_ws.l(rred.o)
    0x0800ecc0   0x00000028   Data   RO         3009    .constdata          m_ws.l(sin_i.o)
    0x0800ece8   0x00000094   Data   RO         3048    .constdata          c_w.l(bigflt0.o)
    0x0800ed7c   0x000000f7   Data   RO         2345    .conststring        main.o
    0x0800ee73   0x00000001   PAD
    0x0800ee74   0x00000020   Data   RO         3225    Region$$Table       anon$$obj.o
    0x0800ee94   0x0000001c   Data   RO         3072    locale$$data        c_w.l(lc_numeric_c.o)
    0x0800eeb0   0x00000110   Data   RO         3087    locale$$data        c_w.l(lc_ctype_c.o)


    Execution Region RW_IRAM1 (Base: 0x20000000, Size: 0x00001998, Max: 0x00005000, ABSOLUTE, COMPRESSED[0x00000094])

    Base Addr    Size         Type   Attr      Idx    E Section Name        Object

    0x20000000   0x00000014   Data   RW          467    .data               stm32f10x_rcc.o
    0x20000014   0x0000001c   Data   RW         1880    .data               ds1302.o
    0x20000030   0x00000055   Data   RW         2154    .data               max30102.o
    0x20000085   0x00000003   PAD
    0x20000088   0x000000a6   Data   RW         2346    .data               main.o
    0x2000012e   0x00000002   PAD
    0x20000130   0x00000016   Data   RW         2620    .data               system_stm32f10x.o
    0x20000146   0x00000002   PAD
    0x20000148   0x0000000c   Data   RW         2666    .data               delay.o
    0x20000154   0x00000013   Data   RW         2715    .data               usart1.o
    0x20000167   0x00000001   PAD
    0x20000168   0x00000008   Data   RW         2773    .data               usart3.o
    0x20000170   0x00000400   Zero   RW         1489    .bss                stm32f10x_flash.o
    0x20000570   0x000008f0   Zero   RW         2153    .bss                max30102.o
    0x20000e60   0x000003c0   Zero   RW         2213    .bss                algorithm.o
    0x20001220   0x00000038   Zero   RW         2343    .bss                main.o
    0x20001258   0x00000090   Zero   RW         2714    .bss                usart1.o
    0x200012e8   0x00000050   Zero   RW         2772    .bss                usart3.o
    0x20001338   0x00000060   Zero   RW         3015    .bss                c_w.l(libspace.o)
    0x20001398   0x00000200   Zero   RW            2    HEAP                startup_stm32f10x_md.o
    0x20001598   0x00000400   Zero   RW            1    STACK               startup_stm32f10x_md.o


==============================================================================

Image component sizes


      Code (inc. data)   RO Data    RW Data    ZI Data      Debug   Object Name

       420          0          0          0          0       2746   adxl345.o
      1328         18        184          0        960       7156   algorithm.o
         0          0          0          0          0       4528   core_cm3.o
       288         40          0         12          0       2019   delay.o
      1184         36          0         28          0       8387   ds1302.o
       508         26          0          0          0       2716   ds18b20.o
       120         18          0          0          0        588   gpio.o
       936         98          0          0          0       4995   gps.o
       588         78          0          0          0       5618   iic.o
      2842         82       6338          0          0      15360   lcd.o
     15220       1690      10975        166         56      28563   main.o
      2066        196          0         85       2288       8108   max30102.o
       276         34          0          0          0     256148   misc.o
       720        130          0          0          0       4606   myiic.o
        64         26        236          0       1536        872   startup_stm32f10x_md.o
       580         40          0          0       1024       8584   stm32f10x_flash.o
       448          6          0          0          0       4770   stm32f10x_gpio.o
        26          0          0          0          0       4290   stm32f10x_it.o
       340         44          0         20          0       5956   stm32f10x_rcc.o
       246         42          0          0          0       3858   stm32f10x_tim.o
       638         28          0          0          0       7883   stm32f10x_usart.o
        12          0          0          0          0        521   sys.o
       328         28          0         22          0     204278   system_stm32f10x.o
        92          4          0          0          0        684   timer.o
       800         56          0         19        144       6078   usart1.o
       340         36          0          8         80       2422   usart3.o

    ----------------------------------------------------------------------
     30444       2756      17766        368       6088     601734   Object Totals
         0          0         32          0          0          0   (incl. Generated)
        34          0          1          8          0          0   (incl. Padding)

    ----------------------------------------------------------------------

      Code (inc. data)   RO Data    RW Data    ZI Data      Debug   Library Member Name

        90          0          0          0          0          0   __dczerorl2.o
         8          0          0          0          0         68   __main.o
       312          4         17          0          0         92   __printf_flags_wp.o
        14          0          0          0          0         68   __printf_wp.o
         0          0          0          0          0          0   __rtentry.o
        12          0          0          0          0          0   __rtentry2.o
         6          0          0          0          0          0   __rtentry4.o
        52          8          0          0          0          0   __scatter.o
        28          0          0          0          0          0   __scatter_zi.o
        28          0          0          0          0         68   _chval.o
        48          6          0          0          0         96   _printf_char_common.o
         6          0          0          0          0          0   _printf_d.o
       120         16          0          0          0         92   _printf_dec.o
         6          0          0          0          0          0   _printf_f.o
      1050          0          0          0          0        216   _printf_fp_dec.o
       128         16          0          0          0         84   _printf_fp_infnan.o
       178          0          0          0          0         88   _printf_intcommon.o
        78          0          0          0          0        108   _printf_pad.o
         0          0          0          0          0          0   _printf_percent.o
         4          0          0          0          0          0   _printf_percent_end.o
        22          0          0          0          0        100   _rserrno.o
        10          0          0          0          0         68   _sputc.o
       158          0          0          0          0         92   _strtoul.o
        26          0          0          0          0         80   atoi.o
       220          4        148          0          0         96   bigflt0.o
      1910        128          0          0          0        672   btod.o
        12          0          0          0          0         72   exit.o
         6          0          0          0          0        152   heapauxi.o
        44         10        272          0          0         76   lc_ctype_c.o
        44         10         28          0          0         76   lc_numeric_c.o
         2          0          0          0          0          0   libinit.o
        30          0          0          0          0          0   libinit2.o
         2          0          0          0          0          0   libshutdown.o
         2          0          0          0          0          0   libshutdown2.o
         8          4          0          0         96         68   libspace.o
       138          0          0          0          0         80   lludiv10.o
        40          6          0          0          0         84   noretval__2sprintf.o
        16          4          0          0          0         76   rt_ctype_table.o
         8          4          0          0          0         68   rt_errno_addr_intlibspace.o
         8          4          0          0          0         68   rt_locale_intlibspace.o
        68          0          0          0          0         68   rt_memclr.o
        78          0          0          0          0         80   rt_memclr_w.o
       100          0          0          0          0         80   rt_memcpy_w.o
         2          0          0          0          0          0   rtexit.o
        10          0          0          0          0          0   rtexit2.o
        24          0          0          0          0         68   strcat.o
       128          0          0          0          0         68   strcmpv7m.o
        62          0          0          0          0         76   strlen.o
        86          0          0          0          0         76   strncpy.o
        36          0          0          0          0         80   strstr.o
       112          0          0          0          0         88   strtol.o
        74          0          0          0          0         80   sys_stackheap_outer.o
         2          0          0          0          0         68   use_no_semi.o
         2          0          0          0          0         68   use_no_semi_2.o
        98          4          0          0          0         92   d2f.o
       826         16          0          0          0        348   daddsub_clz.o
        16          4          0          0          0         68   dcheck1.o
        24          0          0          0          0         68   dcmpi.o
       688        140          0          0          0        208   ddiv.o
       120          4          0          0          0         92   deqf.o
        94          4          0          0          0         92   dfix.o
        90          4          0          0          0         92   dfixu.o
        84          0          0          0          0        136   dflt_clz.o
       120          4          0          0          0         92   dleqf.o
       340         12          0          0          0        104   dmul.o
       156          4          0          0          0         92   dnaninf.o
        12          0          0          0          0         68   dretinf.o
        86          4          0          0          0         84   f2d.o
       430          8          0          0          0        168   faddsub_clz.o
        24          0          0          0          0         68   fcmpi.o
       388         76          0          0          0         96   fdiv.o
       104          4          0          0          0         84   feqf.o
        54          4          0          0          0         84   ffix.o
        62          4          0          0          0         84   ffixu.o
        86          0          0          0          0        136   fflt_clz.o
       104          4          0          0          0         84   fleqf.o
       258          4          0          0          0         84   fmul.o
       140          4          0          0          0         84   fnaninf.o
        10          0          0          0          0         68   fretinf.o
        98          0          0          0          0         68   frleqf.o
         4          0          0          0          0         68   printf1.o
       100          0          0          0          0         68   retnan.o
        92          0          0          0          0         68   scalbn.o
        48          0          0          0          0         68   trapv.o
         0          0          0          0          0          0   usenofp.o
       156          8          0          0          0        104   cos.o
       252         22         48          0          0        124   cos_i.o
        34          6          0          0          0        204   dunder.o
        40          0          0          0          0         68   fpclassify.o
       170          0          0          0          0         96   poly.o
       904         76        200          0          0        140   rred.o
       160         10          0          0          0        108   sin.o
       236         12         40          0          0        128   sin_i.o

    ----------------------------------------------------------------------
     12406        666        760          0         96       7796   Library Totals
        40          0          7          0          0          0   (incl. Padding)

    ----------------------------------------------------------------------

      Code (inc. data)   RO Data    RW Data    ZI Data      Debug   Library Name

      5658        224        465          0         96       3808   c_w.l
      4756        308          0          0          0       3016   fz_ws.l
      1952        134        288          0          0        972   m_ws.l

    ----------------------------------------------------------------------
     12406        666        760          0         96       7796   Library Totals

    ----------------------------------------------------------------------

==============================================================================


      Code (inc. data)   RO Data    RW Data    ZI Data      Debug   

     42850       3422      18526        368       6184     596734   Grand Totals
     42850       3422      18526        148       6184     596734   ELF Image Totals (compressed)
     42850       3422      18526        148          0          0   ROM Totals

==============================================================================

    Total RO  Size (Code + RO Data)                61376 (  59.94kB)
    Total RW  Size (RW Data + ZI Data)              6552 (   6.40kB)
    Total ROM Size (Code + RO Data + RW Data)      61524 (  60.08kB)

==============================================================================

